--------------------------------------------------------------------------------
Lattice Synthesis Timing Report, Version  
Mon Jun 29 22:47:45 2026

Copyright (c) 1991-1994 by NeoCAD Inc. All rights reserved.
Copyright (c) 1995 AT&T Corp.   All rights reserved.
Copyright (c) 1995-2001 Lucent Technologies Inc.  All rights reserved.
Copyright (c) 2001 Agere Systems   All rights reserved.
Copyright (c) 2002-2024 Lattice Semiconductor Corporation,  All rights reserved.

Report Information
------------------
Design:     fuzz
Constraint file:  
Report level:    verbose report, limited to 3 items per constraint
--------------------------------------------------------------------------------



================================================================================
Constraint: create_clock -period 5.000000 -name clk0 [get_nets clko_w]
            1 item scored, 0 timing errors detected.
--------------------------------------------------------------------------------


Passed:  The following path meets requirements by 2.213ns

 Logical Details:  Cell type  Pin type       Cell name  (clock net +/-)

   Source:         FD1S3AX    CK             out0_r_6  (from clko_w +)
   Destination:    FD1S3AX    D              out0_r_6  (to clko_w +)

   Delay:                   2.641ns  (32.2% logic, 67.8% route), 2 logic levels.

 Constraint Details:

      2.641ns data_path out0_r_6 to out0_r_6 meets
      5.000ns delay constraint less
      0.146ns L_S requirement (totaling 4.854ns) by 2.213ns

 Path Details: out0_r_6 to out0_r_6

   Name    Fanout   Delay (ns)          Pins               Resource(Cell.Net)
L_CO        ---     0.403             CK to Q              out0_r_6 (from clko_w)
Route         2   e 1.002                                  out0_c
LUT4        ---     0.448              A to Z              out0_I_0_1_lut
Route         1   e 0.788                                  out0_N_2
                  --------
                    2.641  (32.2% logic, 67.8% route), 2 logic levels.

Report: 2.787 ns is the maximum delay for this constraint.


Timing Report Summary
--------------
--------------------------------------------------------------------------------
Constraint                              |   Constraint|       Actual|Levels
--------------------------------------------------------------------------------
                                        |             |             |
create_clock -period 5.000000 -name     |             |             |
clk0 [get_nets clko_w]                  |     5.000 ns|     2.787 ns|     2  
                                        |             |             |
--------------------------------------------------------------------------------


All constraints were met.



Timing summary:
---------------

Timing errors: 0  Score: 0

Constraints cover  1 paths, 3 nets, and 3 connections (60.0% coverage)


Peak memory: 181264384 bytes, TRCE: 856064 bytes, DLYMAN: 0 bytes
CPU_TIME_REPORT: 0 secs 
