
Loading design for application trce from file fuzz_impl1.ncd.
Design name: fuzz
NCD version: 3.3
Vendor:      LATTICE
Device:      LCMXO2-1200HC
Package:     TQFP100
Performance: 5
Loading device for application trce from file 'xo2c1200.nph' in environment: /home/dan/lscc/diamond/3.14/ispfpga.
Package Status:                     Final          Version 1.44.
Performance Hardware Data Status:   Final          Version 36.4.
Setup and Hold Report

--------------------------------------------------------------------------------
Lattice TRACE Report - Setup, Version Diamond (64-bit) 3.14.0.75.2
Wed Jul 15 23:37:47 2026

Copyright (c) 1991-1994 by NeoCAD Inc. All rights reserved.
Copyright (c) 1995 AT&T Corp.   All rights reserved.
Copyright (c) 1995-2001 Lucent Technologies Inc.  All rights reserved.
Copyright (c) 2001 Agere Systems   All rights reserved.
Copyright (c) 2002-2024 Lattice Semiconductor Corporation,  All rights reserved.

Report Information
------------------
Command line:    trce -v 10 -gt -sethld -sp 5 -sphld m -o fuzz_impl1.twr fuzz_impl1.ncd fuzz_impl1.prf 
Design file:     fuzz_impl1.ncd
Preference file: fuzz_impl1.prf
Device,speed:    LCMXO2-1200HC,5
Report level:    verbose report, limited to 10 items per preference
--------------------------------------------------------------------------------

BLOCK ASYNCPATHS
BLOCK RESETPATHS
--------------------------------------------------------------------------------



================================================================================
Preference: FREQUENCY PORT "sck" 100.000000 MHz ;
            21 items scored, 0 timing errors detected.
--------------------------------------------------------------------------------


Passed:  The following path meets requirements by 3.340ns
         The internal maximum frequency of the following component is 150.150 MHz

 Logical Details:  Cell type  Pin name       Component name

   Destination:    PIO        PAD            sck

   Delay:               6.660ns -- based on Minimum Pulse Width


Passed: The following path meets requirements by 7.260ns

 Logical Details:  Cell type  Pin type       Cell/ASIC name  (clock net +/-)

   Source:         FF         Q              cnt_24__i0  (from sck_c +)
   Destination:    FF         Data in        cnt_24__i5  (to sck_c +)

   Delay:               2.590ns  (77.4% logic, 22.6% route), 5 logic levels.

 Constraint Details:

      2.590ns physical path delay SLICE_2 to SLICE_0 meets
     10.000ns delay constraint less
      0.000ns skew and
      0.150ns DIN_SET requirement (totaling 9.850ns) by 7.260ns

 Physical Path Details:

      Data path SLICE_2 to SLICE_0:

   Name    Fanout   Delay (ns)          Site               Resource
REG_DEL     ---     0.409     R2C12A.CLK to      R2C12A.Q1 SLICE_2 (from sck_c)
ROUTE         2     0.586      R2C12A.Q1 to      R2C12A.A1 cnt_0
C1TOFCO_DE  ---     0.786      R2C12A.A1 to     R2C12A.FCO SLICE_2
ROUTE         1     0.000     R2C12A.FCO to     R2C12B.FCI n140
FCITOFCO_D  ---     0.146     R2C12B.FCI to     R2C12B.FCO SLICE_3
ROUTE         1     0.000     R2C12B.FCO to     R2C12C.FCI n141
FCITOFCO_D  ---     0.146     R2C12C.FCI to     R2C12C.FCO SLICE_1
ROUTE         1     0.000     R2C12C.FCO to     R2C12D.FCI n142
FCITOF0_DE  ---     0.517     R2C12D.FCI to      R2C12D.F0 SLICE_0
ROUTE         1     0.000      R2C12D.F0 to     R2C12D.DI0 n30 (to sck_c)
                  --------
                    2.590   (77.4% logic, 22.6% route), 5 logic levels.

 Clock Skew Details: 

      Source Clock Path sck to SLICE_2:

   Name    Fanout   Delay (ns)          Site               Resource
ROUTE         4     1.956       96.PADDI to     R2C12A.CLK sck_c
                  --------
                    1.956   (0.0% logic, 100.0% route), 0 logic levels.

      Destination Clock Path sck to SLICE_0:

   Name    Fanout   Delay (ns)          Site               Resource
ROUTE         4     1.956       96.PADDI to     R2C12D.CLK sck_c
                  --------
                    1.956   (0.0% logic, 100.0% route), 0 logic levels.


Passed: The following path meets requirements by 7.287ns

 Logical Details:  Cell type  Pin type       Cell/ASIC name  (clock net +/-)

   Source:         FF         Q              cnt_24__i1  (from sck_c +)
   Destination:    FF         Data in        cnt_24__i5  (to sck_c +)

   Delay:               2.563ns  (77.1% logic, 22.9% route), 4 logic levels.

 Constraint Details:

      2.563ns physical path delay SLICE_3 to SLICE_0 meets
     10.000ns delay constraint less
      0.000ns skew and
      0.150ns DIN_SET requirement (totaling 9.850ns) by 7.287ns

 Physical Path Details:

      Data path SLICE_3 to SLICE_0:

   Name    Fanout   Delay (ns)          Site               Resource
REG_DEL     ---     0.409     R2C12B.CLK to      R2C12B.Q0 SLICE_3 (from sck_c)
ROUTE         3     0.586      R2C12B.Q0 to      R2C12B.A0 cnt_1
C0TOFCO_DE  ---     0.905      R2C12B.A0 to     R2C12B.FCO SLICE_3
ROUTE         1     0.000     R2C12B.FCO to     R2C12C.FCI n141
FCITOFCO_D  ---     0.146     R2C12C.FCI to     R2C12C.FCO SLICE_1
ROUTE         1     0.000     R2C12C.FCO to     R2C12D.FCI n142
FCITOF0_DE  ---     0.517     R2C12D.FCI to      R2C12D.F0 SLICE_0
ROUTE         1     0.000      R2C12D.F0 to     R2C12D.DI0 n30 (to sck_c)
                  --------
                    2.563   (77.1% logic, 22.9% route), 4 logic levels.

 Clock Skew Details: 

      Source Clock Path sck to SLICE_3:

   Name    Fanout   Delay (ns)          Site               Resource
ROUTE         4     1.956       96.PADDI to     R2C12B.CLK sck_c
                  --------
                    1.956   (0.0% logic, 100.0% route), 0 logic levels.

      Destination Clock Path sck to SLICE_0:

   Name    Fanout   Delay (ns)          Site               Resource
ROUTE         4     1.956       96.PADDI to     R2C12D.CLK sck_c
                  --------
                    1.956   (0.0% logic, 100.0% route), 0 logic levels.


Passed: The following path meets requirements by 7.354ns

 Logical Details:  Cell type  Pin type       Cell/ASIC name  (clock net +/-)

   Source:         FF         Q              cnt_24__i0  (from sck_c +)
   Destination:    FF         Data in        cnt_24__i4  (to sck_c +)

   Delay:               2.496ns  (76.5% logic, 23.5% route), 4 logic levels.

 Constraint Details:

      2.496ns physical path delay SLICE_2 to SLICE_1 meets
     10.000ns delay constraint less
      0.000ns skew and
      0.150ns DIN_SET requirement (totaling 9.850ns) by 7.354ns

 Physical Path Details:

      Data path SLICE_2 to SLICE_1:

   Name    Fanout   Delay (ns)          Site               Resource
REG_DEL     ---     0.409     R2C12A.CLK to      R2C12A.Q1 SLICE_2 (from sck_c)
ROUTE         2     0.586      R2C12A.Q1 to      R2C12A.A1 cnt_0
C1TOFCO_DE  ---     0.786      R2C12A.A1 to     R2C12A.FCO SLICE_2
ROUTE         1     0.000     R2C12A.FCO to     R2C12B.FCI n140
FCITOFCO_D  ---     0.146     R2C12B.FCI to     R2C12B.FCO SLICE_3
ROUTE         1     0.000     R2C12B.FCO to     R2C12C.FCI n141
FCITOF1_DE  ---     0.569     R2C12C.FCI to      R2C12C.F1 SLICE_1
ROUTE         1     0.000      R2C12C.F1 to     R2C12C.DI1 n31 (to sck_c)
                  --------
                    2.496   (76.5% logic, 23.5% route), 4 logic levels.

 Clock Skew Details: 

      Source Clock Path sck to SLICE_2:

   Name    Fanout   Delay (ns)          Site               Resource
ROUTE         4     1.956       96.PADDI to     R2C12A.CLK sck_c
                  --------
                    1.956   (0.0% logic, 100.0% route), 0 logic levels.

      Destination Clock Path sck to SLICE_1:

   Name    Fanout   Delay (ns)          Site               Resource
ROUTE         4     1.956       96.PADDI to     R2C12C.CLK sck_c
                  --------
                    1.956   (0.0% logic, 100.0% route), 0 logic levels.


Passed: The following path meets requirements by 7.381ns

 Logical Details:  Cell type  Pin type       Cell/ASIC name  (clock net +/-)

   Source:         FF         Q              cnt_24__i1  (from sck_c +)
   Destination:    FF         Data in        cnt_24__i4  (to sck_c +)

   Delay:               2.469ns  (76.3% logic, 23.7% route), 3 logic levels.

 Constraint Details:

      2.469ns physical path delay SLICE_3 to SLICE_1 meets
     10.000ns delay constraint less
      0.000ns skew and
      0.150ns DIN_SET requirement (totaling 9.850ns) by 7.381ns

 Physical Path Details:

      Data path SLICE_3 to SLICE_1:

   Name    Fanout   Delay (ns)          Site               Resource
REG_DEL     ---     0.409     R2C12B.CLK to      R2C12B.Q0 SLICE_3 (from sck_c)
ROUTE         3     0.586      R2C12B.Q0 to      R2C12B.A0 cnt_1
C0TOFCO_DE  ---     0.905      R2C12B.A0 to     R2C12B.FCO SLICE_3
ROUTE         1     0.000     R2C12B.FCO to     R2C12C.FCI n141
FCITOF1_DE  ---     0.569     R2C12C.FCI to      R2C12C.F1 SLICE_1
ROUTE         1     0.000      R2C12C.F1 to     R2C12C.DI1 n31 (to sck_c)
                  --------
                    2.469   (76.3% logic, 23.7% route), 3 logic levels.

 Clock Skew Details: 

      Source Clock Path sck to SLICE_3:

   Name    Fanout   Delay (ns)          Site               Resource
ROUTE         4     1.956       96.PADDI to     R2C12B.CLK sck_c
                  --------
                    1.956   (0.0% logic, 100.0% route), 0 logic levels.

      Destination Clock Path sck to SLICE_1:

   Name    Fanout   Delay (ns)          Site               Resource
ROUTE         4     1.956       96.PADDI to     R2C12C.CLK sck_c
                  --------
                    1.956   (0.0% logic, 100.0% route), 0 logic levels.


Passed: The following path meets requirements by 7.406ns

 Logical Details:  Cell type  Pin type       Cell/ASIC name  (clock net +/-)

   Source:         FF         Q              cnt_24__i0  (from sck_c +)
   Destination:    FF         Data in        cnt_24__i3  (to sck_c +)

   Delay:               2.444ns  (76.0% logic, 24.0% route), 4 logic levels.

 Constraint Details:

      2.444ns physical path delay SLICE_2 to SLICE_1 meets
     10.000ns delay constraint less
      0.000ns skew and
      0.150ns DIN_SET requirement (totaling 9.850ns) by 7.406ns

 Physical Path Details:

      Data path SLICE_2 to SLICE_1:

   Name    Fanout   Delay (ns)          Site               Resource
REG_DEL     ---     0.409     R2C12A.CLK to      R2C12A.Q1 SLICE_2 (from sck_c)
ROUTE         2     0.586      R2C12A.Q1 to      R2C12A.A1 cnt_0
C1TOFCO_DE  ---     0.786      R2C12A.A1 to     R2C12A.FCO SLICE_2
ROUTE         1     0.000     R2C12A.FCO to     R2C12B.FCI n140
FCITOFCO_D  ---     0.146     R2C12B.FCI to     R2C12B.FCO SLICE_3
ROUTE         1     0.000     R2C12B.FCO to     R2C12C.FCI n141
FCITOF0_DE  ---     0.517     R2C12C.FCI to      R2C12C.F0 SLICE_1
ROUTE         1     0.000      R2C12C.F0 to     R2C12C.DI0 n32 (to sck_c)
                  --------
                    2.444   (76.0% logic, 24.0% route), 4 logic levels.

 Clock Skew Details: 

      Source Clock Path sck to SLICE_2:

   Name    Fanout   Delay (ns)          Site               Resource
ROUTE         4     1.956       96.PADDI to     R2C12A.CLK sck_c
                  --------
                    1.956   (0.0% logic, 100.0% route), 0 logic levels.

      Destination Clock Path sck to SLICE_1:

   Name    Fanout   Delay (ns)          Site               Resource
ROUTE         4     1.956       96.PADDI to     R2C12C.CLK sck_c
                  --------
                    1.956   (0.0% logic, 100.0% route), 0 logic levels.


Passed: The following path meets requirements by 7.406ns

 Logical Details:  Cell type  Pin type       Cell/ASIC name  (clock net +/-)

   Source:         FF         Q              cnt_24__i2  (from sck_c +)
   Destination:    FF         Data in        cnt_24__i5  (to sck_c +)

   Delay:               2.444ns  (76.0% logic, 24.0% route), 4 logic levels.

 Constraint Details:

      2.444ns physical path delay SLICE_3 to SLICE_0 meets
     10.000ns delay constraint less
      0.000ns skew and
      0.150ns DIN_SET requirement (totaling 9.850ns) by 7.406ns

 Physical Path Details:

      Data path SLICE_3 to SLICE_0:

   Name    Fanout   Delay (ns)          Site               Resource
REG_DEL     ---     0.409     R2C12B.CLK to      R2C12B.Q1 SLICE_3 (from sck_c)
ROUTE         2     0.586      R2C12B.Q1 to      R2C12B.A1 cnt_2
C1TOFCO_DE  ---     0.786      R2C12B.A1 to     R2C12B.FCO SLICE_3
ROUTE         1     0.000     R2C12B.FCO to     R2C12C.FCI n141
FCITOFCO_D  ---     0.146     R2C12C.FCI to     R2C12C.FCO SLICE_1
ROUTE         1     0.000     R2C12C.FCO to     R2C12D.FCI n142
FCITOF0_DE  ---     0.517     R2C12D.FCI to      R2C12D.F0 SLICE_0
ROUTE         1     0.000      R2C12D.F0 to     R2C12D.DI0 n30 (to sck_c)
                  --------
                    2.444   (76.0% logic, 24.0% route), 4 logic levels.

 Clock Skew Details: 

      Source Clock Path sck to SLICE_3:

   Name    Fanout   Delay (ns)          Site               Resource
ROUTE         4     1.956       96.PADDI to     R2C12B.CLK sck_c
                  --------
                    1.956   (0.0% logic, 100.0% route), 0 logic levels.

      Destination Clock Path sck to SLICE_0:

   Name    Fanout   Delay (ns)          Site               Resource
ROUTE         4     1.956       96.PADDI to     R2C12D.CLK sck_c
                  --------
                    1.956   (0.0% logic, 100.0% route), 0 logic levels.


Passed: The following path meets requirements by 7.433ns

 Logical Details:  Cell type  Pin type       Cell/ASIC name  (clock net +/-)

   Source:         FF         Q              cnt_24__i3  (from sck_c +)
   Destination:    FF         Data in        cnt_24__i5  (to sck_c +)

   Delay:               2.417ns  (75.8% logic, 24.2% route), 3 logic levels.

 Constraint Details:

      2.417ns physical path delay SLICE_1 to SLICE_0 meets
     10.000ns delay constraint less
      0.000ns skew and
      0.150ns DIN_SET requirement (totaling 9.850ns) by 7.433ns

 Physical Path Details:

      Data path SLICE_1 to SLICE_0:

   Name    Fanout   Delay (ns)          Site               Resource
REG_DEL     ---     0.409     R2C12C.CLK to      R2C12C.Q0 SLICE_1 (from sck_c)
ROUTE         2     0.586      R2C12C.Q0 to      R2C12C.A0 cnt_3
C0TOFCO_DE  ---     0.905      R2C12C.A0 to     R2C12C.FCO SLICE_1
ROUTE         1     0.000     R2C12C.FCO to     R2C12D.FCI n142
FCITOF0_DE  ---     0.517     R2C12D.FCI to      R2C12D.F0 SLICE_0
ROUTE         1     0.000      R2C12D.F0 to     R2C12D.DI0 n30 (to sck_c)
                  --------
                    2.417   (75.8% logic, 24.2% route), 3 logic levels.

 Clock Skew Details: 

      Source Clock Path sck to SLICE_1:

   Name    Fanout   Delay (ns)          Site               Resource
ROUTE         4     1.956       96.PADDI to     R2C12C.CLK sck_c
                  --------
                    1.956   (0.0% logic, 100.0% route), 0 logic levels.

      Destination Clock Path sck to SLICE_0:

   Name    Fanout   Delay (ns)          Site               Resource
ROUTE         4     1.956       96.PADDI to     R2C12D.CLK sck_c
                  --------
                    1.956   (0.0% logic, 100.0% route), 0 logic levels.


Passed: The following path meets requirements by 7.433ns

 Logical Details:  Cell type  Pin type       Cell/ASIC name  (clock net +/-)

   Source:         FF         Q              cnt_24__i1  (from sck_c +)
   Destination:    FF         Data in        cnt_24__i3  (to sck_c +)

   Delay:               2.417ns  (75.8% logic, 24.2% route), 3 logic levels.

 Constraint Details:

      2.417ns physical path delay SLICE_3 to SLICE_1 meets
     10.000ns delay constraint less
      0.000ns skew and
      0.150ns DIN_SET requirement (totaling 9.850ns) by 7.433ns

 Physical Path Details:

      Data path SLICE_3 to SLICE_1:

   Name    Fanout   Delay (ns)          Site               Resource
REG_DEL     ---     0.409     R2C12B.CLK to      R2C12B.Q0 SLICE_3 (from sck_c)
ROUTE         3     0.586      R2C12B.Q0 to      R2C12B.A0 cnt_1
C0TOFCO_DE  ---     0.905      R2C12B.A0 to     R2C12B.FCO SLICE_3
ROUTE         1     0.000     R2C12B.FCO to     R2C12C.FCI n141
FCITOF0_DE  ---     0.517     R2C12C.FCI to      R2C12C.F0 SLICE_1
ROUTE         1     0.000      R2C12C.F0 to     R2C12C.DI0 n32 (to sck_c)
                  --------
                    2.417   (75.8% logic, 24.2% route), 3 logic levels.

 Clock Skew Details: 

      Source Clock Path sck to SLICE_3:

   Name    Fanout   Delay (ns)          Site               Resource
ROUTE         4     1.956       96.PADDI to     R2C12B.CLK sck_c
                  --------
                    1.956   (0.0% logic, 100.0% route), 0 logic levels.

      Destination Clock Path sck to SLICE_1:

   Name    Fanout   Delay (ns)          Site               Resource
ROUTE         4     1.956       96.PADDI to     R2C12C.CLK sck_c
                  --------
                    1.956   (0.0% logic, 100.0% route), 0 logic levels.


Passed: The following path meets requirements by 7.500ns

 Logical Details:  Cell type  Pin type       Cell/ASIC name  (clock net +/-)

   Source:         FF         Q              cnt_24__i0  (from sck_c +)
   Destination:    FF         Data in        cnt_24__i2  (to sck_c +)

   Delay:               2.350ns  (75.1% logic, 24.9% route), 3 logic levels.

 Constraint Details:

      2.350ns physical path delay SLICE_2 to SLICE_3 meets
     10.000ns delay constraint less
      0.000ns skew and
      0.150ns DIN_SET requirement (totaling 9.850ns) by 7.500ns

 Physical Path Details:

      Data path SLICE_2 to SLICE_3:

   Name    Fanout   Delay (ns)          Site               Resource
REG_DEL     ---     0.409     R2C12A.CLK to      R2C12A.Q1 SLICE_2 (from sck_c)
ROUTE         2     0.586      R2C12A.Q1 to      R2C12A.A1 cnt_0
C1TOFCO_DE  ---     0.786      R2C12A.A1 to     R2C12A.FCO SLICE_2
ROUTE         1     0.000     R2C12A.FCO to     R2C12B.FCI n140
FCITOF1_DE  ---     0.569     R2C12B.FCI to      R2C12B.F1 SLICE_3
ROUTE         1     0.000      R2C12B.F1 to     R2C12B.DI1 n33 (to sck_c)
                  --------
                    2.350   (75.1% logic, 24.9% route), 3 logic levels.

 Clock Skew Details: 

      Source Clock Path sck to SLICE_2:

   Name    Fanout   Delay (ns)          Site               Resource
ROUTE         4     1.956       96.PADDI to     R2C12A.CLK sck_c
                  --------
                    1.956   (0.0% logic, 100.0% route), 0 logic levels.

      Destination Clock Path sck to SLICE_3:

   Name    Fanout   Delay (ns)          Site               Resource
ROUTE         4     1.956       96.PADDI to     R2C12B.CLK sck_c
                  --------
                    1.956   (0.0% logic, 100.0% route), 0 logic levels.


Passed: The following path meets requirements by 7.500ns

 Logical Details:  Cell type  Pin type       Cell/ASIC name  (clock net +/-)

   Source:         FF         Q              cnt_24__i2  (from sck_c +)
   Destination:    FF         Data in        cnt_24__i4  (to sck_c +)

   Delay:               2.350ns  (75.1% logic, 24.9% route), 3 logic levels.

 Constraint Details:

      2.350ns physical path delay SLICE_3 to SLICE_1 meets
     10.000ns delay constraint less
      0.000ns skew and
      0.150ns DIN_SET requirement (totaling 9.850ns) by 7.500ns

 Physical Path Details:

      Data path SLICE_3 to SLICE_1:

   Name    Fanout   Delay (ns)          Site               Resource
REG_DEL     ---     0.409     R2C12B.CLK to      R2C12B.Q1 SLICE_3 (from sck_c)
ROUTE         2     0.586      R2C12B.Q1 to      R2C12B.A1 cnt_2
C1TOFCO_DE  ---     0.786      R2C12B.A1 to     R2C12B.FCO SLICE_3
ROUTE         1     0.000     R2C12B.FCO to     R2C12C.FCI n141
FCITOF1_DE  ---     0.569     R2C12C.FCI to      R2C12C.F1 SLICE_1
ROUTE         1     0.000      R2C12C.F1 to     R2C12C.DI1 n31 (to sck_c)
                  --------
                    2.350   (75.1% logic, 24.9% route), 3 logic levels.

 Clock Skew Details: 

      Source Clock Path sck to SLICE_3:

   Name    Fanout   Delay (ns)          Site               Resource
ROUTE         4     1.956       96.PADDI to     R2C12B.CLK sck_c
                  --------
                    1.956   (0.0% logic, 100.0% route), 0 logic levels.

      Destination Clock Path sck to SLICE_1:

   Name    Fanout   Delay (ns)          Site               Resource
ROUTE         4     1.956       96.PADDI to     R2C12C.CLK sck_c
                  --------
                    1.956   (0.0% logic, 100.0% route), 0 logic levels.

Report:  150.150MHz is the maximum frequency for this preference.

Report Summary
--------------
----------------------------------------------------------------------------
Preference                              |   Constraint|       Actual|Levels
----------------------------------------------------------------------------
                                        |             |             |
FREQUENCY PORT "sck" 100.000000 MHz ;   |  100.000 MHz|  150.150 MHz|   0  
                                        |             |             |
----------------------------------------------------------------------------


All preferences were met.


Clock Domains Analysis
------------------------

Found 1 clocks:

Clock Domain: sck_c   Source: sck.PAD   Loads: 4
   Covered under: FREQUENCY PORT "sck" 100.000000 MHz ;


Timing summary (Setup):
---------------

Timing errors: 0  Score: 0
Cumulative negative slack: 0

Constraints cover 21 paths, 1 nets, and 19 connections (61.29% coverage)

--------------------------------------------------------------------------------
Lattice TRACE Report - Hold, Version Diamond (64-bit) 3.14.0.75.2
Wed Jul 15 23:37:47 2026

Copyright (c) 1991-1994 by NeoCAD Inc. All rights reserved.
Copyright (c) 1995 AT&T Corp.   All rights reserved.
Copyright (c) 1995-2001 Lucent Technologies Inc.  All rights reserved.
Copyright (c) 2001 Agere Systems   All rights reserved.
Copyright (c) 2002-2024 Lattice Semiconductor Corporation,  All rights reserved.

Report Information
------------------
Command line:    trce -v 10 -gt -sethld -sp 5 -sphld m -o fuzz_impl1.twr fuzz_impl1.ncd fuzz_impl1.prf 
Design file:     fuzz_impl1.ncd
Preference file: fuzz_impl1.prf
Device,speed:    LCMXO2-1200HC,m
Report level:    verbose report, limited to 10 items per preference
--------------------------------------------------------------------------------

BLOCK ASYNCPATHS
BLOCK RESETPATHS
--------------------------------------------------------------------------------



================================================================================
Preference: FREQUENCY PORT "sck" 100.000000 MHz ;
            21 items scored, 0 timing errors detected.
--------------------------------------------------------------------------------


Passed: The following path meets requirements by 0.379ns

 Logical Details:  Cell type  Pin type       Cell/ASIC name  (clock net +/-)

   Source:         FF         Q              cnt_24__i5  (from sck_c +)
   Destination:    FF         Data in        cnt_24__i5  (to sck_c +)

   Delay:               0.366ns  (63.9% logic, 36.1% route), 2 logic levels.

 Constraint Details:

      0.366ns physical path delay SLICE_0 to SLICE_0 meets
     -0.013ns DIN_HLD and
      0.000ns delay constraint less
      0.000ns skew requirement (totaling -0.013ns) by 0.379ns

 Physical Path Details:

      Data path SLICE_0 to SLICE_0:

   Name    Fanout   Delay (ns)          Site               Resource
REG_DEL     ---     0.133     R2C12D.CLK to      R2C12D.Q0 SLICE_0 (from sck_c)
ROUTE         2     0.132      R2C12D.Q0 to      R2C12D.A0 cnt_5
CTOF_DEL    ---     0.101      R2C12D.A0 to      R2C12D.F0 SLICE_0
ROUTE         1     0.000      R2C12D.F0 to     R2C12D.DI0 n30 (to sck_c)
                  --------
                    0.366   (63.9% logic, 36.1% route), 2 logic levels.

 Clock Skew Details: 

      Source Clock Path sck to SLICE_0:

   Name    Fanout   Delay (ns)          Site               Resource
ROUTE         4     0.726       96.PADDI to     R2C12D.CLK sck_c
                  --------
                    0.726   (0.0% logic, 100.0% route), 0 logic levels.

      Destination Clock Path sck to SLICE_0:

   Name    Fanout   Delay (ns)          Site               Resource
ROUTE         4     0.726       96.PADDI to     R2C12D.CLK sck_c
                  --------
                    0.726   (0.0% logic, 100.0% route), 0 logic levels.


Passed: The following path meets requirements by 0.379ns

 Logical Details:  Cell type  Pin type       Cell/ASIC name  (clock net +/-)

   Source:         FF         Q              cnt_24__i3  (from sck_c +)
   Destination:    FF         Data in        cnt_24__i3  (to sck_c +)

   Delay:               0.366ns  (63.9% logic, 36.1% route), 2 logic levels.

 Constraint Details:

      0.366ns physical path delay SLICE_1 to SLICE_1 meets
     -0.013ns DIN_HLD and
      0.000ns delay constraint less
      0.000ns skew requirement (totaling -0.013ns) by 0.379ns

 Physical Path Details:

      Data path SLICE_1 to SLICE_1:

   Name    Fanout   Delay (ns)          Site               Resource
REG_DEL     ---     0.133     R2C12C.CLK to      R2C12C.Q0 SLICE_1 (from sck_c)
ROUTE         2     0.132      R2C12C.Q0 to      R2C12C.A0 cnt_3
CTOF_DEL    ---     0.101      R2C12C.A0 to      R2C12C.F0 SLICE_1
ROUTE         1     0.000      R2C12C.F0 to     R2C12C.DI0 n32 (to sck_c)
                  --------
                    0.366   (63.9% logic, 36.1% route), 2 logic levels.

 Clock Skew Details: 

      Source Clock Path sck to SLICE_1:

   Name    Fanout   Delay (ns)          Site               Resource
ROUTE         4     0.726       96.PADDI to     R2C12C.CLK sck_c
                  --------
                    0.726   (0.0% logic, 100.0% route), 0 logic levels.

      Destination Clock Path sck to SLICE_1:

   Name    Fanout   Delay (ns)          Site               Resource
ROUTE         4     0.726       96.PADDI to     R2C12C.CLK sck_c
                  --------
                    0.726   (0.0% logic, 100.0% route), 0 logic levels.


Passed: The following path meets requirements by 0.379ns

 Logical Details:  Cell type  Pin type       Cell/ASIC name  (clock net +/-)

   Source:         FF         Q              cnt_24__i4  (from sck_c +)
   Destination:    FF         Data in        cnt_24__i4  (to sck_c +)

   Delay:               0.366ns  (63.9% logic, 36.1% route), 2 logic levels.

 Constraint Details:

      0.366ns physical path delay SLICE_1 to SLICE_1 meets
     -0.013ns DIN_HLD and
      0.000ns delay constraint less
      0.000ns skew requirement (totaling -0.013ns) by 0.379ns

 Physical Path Details:

      Data path SLICE_1 to SLICE_1:

   Name    Fanout   Delay (ns)          Site               Resource
REG_DEL     ---     0.133     R2C12C.CLK to      R2C12C.Q1 SLICE_1 (from sck_c)
ROUTE         2     0.132      R2C12C.Q1 to      R2C12C.A1 cnt_4
CTOF_DEL    ---     0.101      R2C12C.A1 to      R2C12C.F1 SLICE_1
ROUTE         1     0.000      R2C12C.F1 to     R2C12C.DI1 n31 (to sck_c)
                  --------
                    0.366   (63.9% logic, 36.1% route), 2 logic levels.

 Clock Skew Details: 

      Source Clock Path sck to SLICE_1:

   Name    Fanout   Delay (ns)          Site               Resource
ROUTE         4     0.726       96.PADDI to     R2C12C.CLK sck_c
                  --------
                    0.726   (0.0% logic, 100.0% route), 0 logic levels.

      Destination Clock Path sck to SLICE_1:

   Name    Fanout   Delay (ns)          Site               Resource
ROUTE         4     0.726       96.PADDI to     R2C12C.CLK sck_c
                  --------
                    0.726   (0.0% logic, 100.0% route), 0 logic levels.


Passed: The following path meets requirements by 0.379ns

 Logical Details:  Cell type  Pin type       Cell/ASIC name  (clock net +/-)

   Source:         FF         Q              cnt_24__i0  (from sck_c +)
   Destination:    FF         Data in        cnt_24__i0  (to sck_c +)

   Delay:               0.366ns  (63.9% logic, 36.1% route), 2 logic levels.

 Constraint Details:

      0.366ns physical path delay SLICE_2 to SLICE_2 meets
     -0.013ns DIN_HLD and
      0.000ns delay constraint less
      0.000ns skew requirement (totaling -0.013ns) by 0.379ns

 Physical Path Details:

      Data path SLICE_2 to SLICE_2:

   Name    Fanout   Delay (ns)          Site               Resource
REG_DEL     ---     0.133     R2C12A.CLK to      R2C12A.Q1 SLICE_2 (from sck_c)
ROUTE         2     0.132      R2C12A.Q1 to      R2C12A.A1 cnt_0
CTOF_DEL    ---     0.101      R2C12A.A1 to      R2C12A.F1 SLICE_2
ROUTE         1     0.000      R2C12A.F1 to     R2C12A.DI1 n35 (to sck_c)
                  --------
                    0.366   (63.9% logic, 36.1% route), 2 logic levels.

 Clock Skew Details: 

      Source Clock Path sck to SLICE_2:

   Name    Fanout   Delay (ns)          Site               Resource
ROUTE         4     0.726       96.PADDI to     R2C12A.CLK sck_c
                  --------
                    0.726   (0.0% logic, 100.0% route), 0 logic levels.

      Destination Clock Path sck to SLICE_2:

   Name    Fanout   Delay (ns)          Site               Resource
ROUTE         4     0.726       96.PADDI to     R2C12A.CLK sck_c
                  --------
                    0.726   (0.0% logic, 100.0% route), 0 logic levels.


Passed: The following path meets requirements by 0.379ns

 Logical Details:  Cell type  Pin type       Cell/ASIC name  (clock net +/-)

   Source:         FF         Q              cnt_24__i1  (from sck_c +)
   Destination:    FF         Data in        cnt_24__i1  (to sck_c +)

   Delay:               0.366ns  (63.9% logic, 36.1% route), 2 logic levels.

 Constraint Details:

      0.366ns physical path delay SLICE_3 to SLICE_3 meets
     -0.013ns DIN_HLD and
      0.000ns delay constraint less
      0.000ns skew requirement (totaling -0.013ns) by 0.379ns

 Physical Path Details:

      Data path SLICE_3 to SLICE_3:

   Name    Fanout   Delay (ns)          Site               Resource
REG_DEL     ---     0.133     R2C12B.CLK to      R2C12B.Q0 SLICE_3 (from sck_c)
ROUTE         3     0.132      R2C12B.Q0 to      R2C12B.A0 cnt_1
CTOF_DEL    ---     0.101      R2C12B.A0 to      R2C12B.F0 SLICE_3
ROUTE         1     0.000      R2C12B.F0 to     R2C12B.DI0 n34 (to sck_c)
                  --------
                    0.366   (63.9% logic, 36.1% route), 2 logic levels.

 Clock Skew Details: 

      Source Clock Path sck to SLICE_3:

   Name    Fanout   Delay (ns)          Site               Resource
ROUTE         4     0.726       96.PADDI to     R2C12B.CLK sck_c
                  --------
                    0.726   (0.0% logic, 100.0% route), 0 logic levels.

      Destination Clock Path sck to SLICE_3:

   Name    Fanout   Delay (ns)          Site               Resource
ROUTE         4     0.726       96.PADDI to     R2C12B.CLK sck_c
                  --------
                    0.726   (0.0% logic, 100.0% route), 0 logic levels.


Passed: The following path meets requirements by 0.379ns

 Logical Details:  Cell type  Pin type       Cell/ASIC name  (clock net +/-)

   Source:         FF         Q              cnt_24__i2  (from sck_c +)
   Destination:    FF         Data in        cnt_24__i2  (to sck_c +)

   Delay:               0.366ns  (63.9% logic, 36.1% route), 2 logic levels.

 Constraint Details:

      0.366ns physical path delay SLICE_3 to SLICE_3 meets
     -0.013ns DIN_HLD and
      0.000ns delay constraint less
      0.000ns skew requirement (totaling -0.013ns) by 0.379ns

 Physical Path Details:

      Data path SLICE_3 to SLICE_3:

   Name    Fanout   Delay (ns)          Site               Resource
REG_DEL     ---     0.133     R2C12B.CLK to      R2C12B.Q1 SLICE_3 (from sck_c)
ROUTE         2     0.132      R2C12B.Q1 to      R2C12B.A1 cnt_2
CTOF_DEL    ---     0.101      R2C12B.A1 to      R2C12B.F1 SLICE_3
ROUTE         1     0.000      R2C12B.F1 to     R2C12B.DI1 n33 (to sck_c)
                  --------
                    0.366   (63.9% logic, 36.1% route), 2 logic levels.

 Clock Skew Details: 

      Source Clock Path sck to SLICE_3:

   Name    Fanout   Delay (ns)          Site               Resource
ROUTE         4     0.726       96.PADDI to     R2C12B.CLK sck_c
                  --------
                    0.726   (0.0% logic, 100.0% route), 0 logic levels.

      Destination Clock Path sck to SLICE_3:

   Name    Fanout   Delay (ns)          Site               Resource
ROUTE         4     0.726       96.PADDI to     R2C12B.CLK sck_c
                  --------
                    0.726   (0.0% logic, 100.0% route), 0 logic levels.


Passed: The following path meets requirements by 0.503ns

 Logical Details:  Cell type  Pin type       Cell/ASIC name  (clock net +/-)

   Source:         FF         Q              cnt_24__i3  (from sck_c +)
   Destination:    FF         Data in        cnt_24__i4  (to sck_c +)

   Delay:               0.490ns  (73.1% logic, 26.9% route), 2 logic levels.

 Constraint Details:

      0.490ns physical path delay SLICE_1 to SLICE_1 meets
     -0.013ns DIN_HLD and
      0.000ns delay constraint less
      0.000ns skew requirement (totaling -0.013ns) by 0.503ns

 Physical Path Details:

      Data path SLICE_1 to SLICE_1:

   Name    Fanout   Delay (ns)          Site               Resource
REG_DEL     ---     0.133     R2C12C.CLK to      R2C12C.Q0 SLICE_1 (from sck_c)
ROUTE         2     0.132      R2C12C.Q0 to      R2C12C.A0 cnt_3
CTOF1_DEL   ---     0.225      R2C12C.A0 to      R2C12C.F1 SLICE_1
ROUTE         1     0.000      R2C12C.F1 to     R2C12C.DI1 n31 (to sck_c)
                  --------
                    0.490   (73.1% logic, 26.9% route), 2 logic levels.

 Clock Skew Details: 

      Source Clock Path sck to SLICE_1:

   Name    Fanout   Delay (ns)          Site               Resource
ROUTE         4     0.726       96.PADDI to     R2C12C.CLK sck_c
                  --------
                    0.726   (0.0% logic, 100.0% route), 0 logic levels.

      Destination Clock Path sck to SLICE_1:

   Name    Fanout   Delay (ns)          Site               Resource
ROUTE         4     0.726       96.PADDI to     R2C12C.CLK sck_c
                  --------
                    0.726   (0.0% logic, 100.0% route), 0 logic levels.


Passed: The following path meets requirements by 0.503ns

 Logical Details:  Cell type  Pin type       Cell/ASIC name  (clock net +/-)

   Source:         FF         Q              cnt_24__i1  (from sck_c +)
   Destination:    FF         Data in        cnt_24__i2  (to sck_c +)

   Delay:               0.490ns  (73.1% logic, 26.9% route), 2 logic levels.

 Constraint Details:

      0.490ns physical path delay SLICE_3 to SLICE_3 meets
     -0.013ns DIN_HLD and
      0.000ns delay constraint less
      0.000ns skew requirement (totaling -0.013ns) by 0.503ns

 Physical Path Details:

      Data path SLICE_3 to SLICE_3:

   Name    Fanout   Delay (ns)          Site               Resource
REG_DEL     ---     0.133     R2C12B.CLK to      R2C12B.Q0 SLICE_3 (from sck_c)
ROUTE         3     0.132      R2C12B.Q0 to      R2C12B.A0 cnt_1
CTOF1_DEL   ---     0.225      R2C12B.A0 to      R2C12B.F1 SLICE_3
ROUTE         1     0.000      R2C12B.F1 to     R2C12B.DI1 n33 (to sck_c)
                  --------
                    0.490   (73.1% logic, 26.9% route), 2 logic levels.

 Clock Skew Details: 

      Source Clock Path sck to SLICE_3:

   Name    Fanout   Delay (ns)          Site               Resource
ROUTE         4     0.726       96.PADDI to     R2C12B.CLK sck_c
                  --------
                    0.726   (0.0% logic, 100.0% route), 0 logic levels.

      Destination Clock Path sck to SLICE_3:

   Name    Fanout   Delay (ns)          Site               Resource
ROUTE         4     0.726       96.PADDI to     R2C12B.CLK sck_c
                  --------
                    0.726   (0.0% logic, 100.0% route), 0 logic levels.


Passed: The following path meets requirements by 0.652ns

 Logical Details:  Cell type  Pin type       Cell/ASIC name  (clock net +/-)

   Source:         FF         Q              cnt_24__i4  (from sck_c +)
   Destination:    FF         Data in        cnt_24__i5  (to sck_c +)

   Delay:               0.639ns  (79.3% logic, 20.7% route), 3 logic levels.

 Constraint Details:

      0.639ns physical path delay SLICE_1 to SLICE_0 meets
     -0.013ns DIN_HLD and
      0.000ns delay constraint less
      0.000ns skew requirement (totaling -0.013ns) by 0.652ns

 Physical Path Details:

      Data path SLICE_1 to SLICE_0:

   Name    Fanout   Delay (ns)          Site               Resource
REG_DEL     ---     0.133     R2C12C.CLK to      R2C12C.Q1 SLICE_1 (from sck_c)
ROUTE         2     0.132      R2C12C.Q1 to      R2C12C.A1 cnt_4
C1TOFCO_DE  ---     0.225      R2C12C.A1 to     R2C12C.FCO SLICE_1
ROUTE         1     0.000     R2C12C.FCO to     R2C12D.FCI n142
FCITOF0_DE  ---     0.149     R2C12D.FCI to      R2C12D.F0 SLICE_0
ROUTE         1     0.000      R2C12D.F0 to     R2C12D.DI0 n30 (to sck_c)
                  --------
                    0.639   (79.3% logic, 20.7% route), 3 logic levels.

 Clock Skew Details: 

      Source Clock Path sck to SLICE_1:

   Name    Fanout   Delay (ns)          Site               Resource
ROUTE         4     0.726       96.PADDI to     R2C12C.CLK sck_c
                  --------
                    0.726   (0.0% logic, 100.0% route), 0 logic levels.

      Destination Clock Path sck to SLICE_0:

   Name    Fanout   Delay (ns)          Site               Resource
ROUTE         4     0.726       96.PADDI to     R2C12D.CLK sck_c
                  --------
                    0.726   (0.0% logic, 100.0% route), 0 logic levels.


Passed: The following path meets requirements by 0.652ns

 Logical Details:  Cell type  Pin type       Cell/ASIC name  (clock net +/-)

   Source:         FF         Q              cnt_24__i0  (from sck_c +)
   Destination:    FF         Data in        cnt_24__i1  (to sck_c +)

   Delay:               0.639ns  (79.3% logic, 20.7% route), 3 logic levels.

 Constraint Details:

      0.639ns physical path delay SLICE_2 to SLICE_3 meets
     -0.013ns DIN_HLD and
      0.000ns delay constraint less
      0.000ns skew requirement (totaling -0.013ns) by 0.652ns

 Physical Path Details:

      Data path SLICE_2 to SLICE_3:

   Name    Fanout   Delay (ns)          Site               Resource
REG_DEL     ---     0.133     R2C12A.CLK to      R2C12A.Q1 SLICE_2 (from sck_c)
ROUTE         2     0.132      R2C12A.Q1 to      R2C12A.A1 cnt_0
C1TOFCO_DE  ---     0.225      R2C12A.A1 to     R2C12A.FCO SLICE_2
ROUTE         1     0.000     R2C12A.FCO to     R2C12B.FCI n140
FCITOF0_DE  ---     0.149     R2C12B.FCI to      R2C12B.F0 SLICE_3
ROUTE         1     0.000      R2C12B.F0 to     R2C12B.DI0 n34 (to sck_c)
                  --------
                    0.639   (79.3% logic, 20.7% route), 3 logic levels.

 Clock Skew Details: 

      Source Clock Path sck to SLICE_2:

   Name    Fanout   Delay (ns)          Site               Resource
ROUTE         4     0.726       96.PADDI to     R2C12A.CLK sck_c
                  --------
                    0.726   (0.0% logic, 100.0% route), 0 logic levels.

      Destination Clock Path sck to SLICE_3:

   Name    Fanout   Delay (ns)          Site               Resource
ROUTE         4     0.726       96.PADDI to     R2C12B.CLK sck_c
                  --------
                    0.726   (0.0% logic, 100.0% route), 0 logic levels.

Report Summary
--------------
----------------------------------------------------------------------------
Preference(MIN Delays)                  |   Constraint|       Actual|Levels
----------------------------------------------------------------------------
                                        |             |             |
FREQUENCY PORT "sck" 100.000000 MHz ;   |            -|            -|   2  
                                        |             |             |
----------------------------------------------------------------------------


All preferences were met.


Clock Domains Analysis
------------------------

Found 1 clocks:

Clock Domain: sck_c   Source: sck.PAD   Loads: 4
   Covered under: FREQUENCY PORT "sck" 100.000000 MHz ;


Timing summary (Hold):
---------------

Timing errors: 0  Score: 0
Cumulative negative slack: 0

Constraints cover 21 paths, 1 nets, and 19 connections (61.29% coverage)



Timing summary (Setup and Hold):
---------------

Timing errors: 0 (setup), 0 (hold)
Score: 0 (setup), 0 (hold)
Cumulative negative slack: 0 (0+0)
--------------------------------------------------------------------------------

--------------------------------------------------------------------------------

