
Loading design for application trce from file fuzz_impl1.ncd.
Design name: fuzz
NCD version: 3.3
Vendor:      LATTICE
Device:      LCMXO2-1200HC
Package:     TQFP100
Performance: 5
Loading device for application trce from file 'xo2c1200.nph' in environment: /home/dan/lscc/diamond/3.14/ispfpga.
Package Status:                     Final          Version 1.44.
Performance Hardware Data Status:   Final          Version 36.4.
Setup and Hold Report

--------------------------------------------------------------------------------
Lattice TRACE Report - Setup, Version Diamond (64-bit) 3.14.0.75.2
Mon Jun 29 23:57:17 2026

Copyright (c) 1991-1994 by NeoCAD Inc. All rights reserved.
Copyright (c) 1995 AT&T Corp.   All rights reserved.
Copyright (c) 1995-2001 Lucent Technologies Inc.  All rights reserved.
Copyright (c) 2001 Agere Systems   All rights reserved.
Copyright (c) 2002-2024 Lattice Semiconductor Corporation,  All rights reserved.

Report Information
------------------
Command line:    trce -v 10 -gt -sethld -sp 5 -sphld m -o fuzz_impl1.twr fuzz_impl1.ncd fuzz_impl1.prf 
Design file:     fuzz_impl1.ncd
Preference file: fuzz_impl1.prf
Device,speed:    LCMXO2-1200HC,5
Report level:    verbose report, limited to 10 items per preference
--------------------------------------------------------------------------------

BLOCK ASYNCPATHS
BLOCK RESETPATHS
--------------------------------------------------------------------------------



================================================================================
Preference: FREQUENCY PORT "clk" 100.000000 MHz ;
            15 items scored, 0 timing errors detected.
--------------------------------------------------------------------------------


Passed:  The following path meets requirements by 3.340ns
         The internal maximum frequency of the following component is 150.150 MHz

 Logical Details:  Cell type  Pin name       Component name

   Destination:    PIO        PAD            clk

   Delay:               6.660ns -- based on Minimum Pulse Width


Passed: The following path meets requirements by 8.037ns

 Logical Details:  Cell type  Pin type       Cell/ASIC name  (clock net +/-)

   Source:         FF         Q              shreg_i5  (from clk_c +)
   Destination:    FF         Data in        shreg_i6  (to clk_c +)

   Delay:               1.660ns  (24.6% logic, 75.4% route), 1 logic levels.

 Constraint Details:

      1.660ns physical path delay SLICE_11 to SLICE_12 meets
     10.000ns delay constraint less
      0.000ns skew and
      0.303ns M_SET requirement (totaling 9.697ns) by 8.037ns

 Physical Path Details:

      Data path SLICE_11 to SLICE_12:

   Name    Fanout   Delay (ns)          Site               Resource
REG_DEL     ---     0.409     R3C12A.CLK to      R3C12A.Q0 SLICE_11 (from clk_c)
ROUTE         1     1.251      R3C12A.Q0 to      R3C15D.M1 shreg_5 (to clk_c)
                  --------
                    1.660   (24.6% logic, 75.4% route), 1 logic levels.

 Clock Skew Details: 

      Source Clock Path clk to SLICE_11:

   Name    Fanout   Delay (ns)          Site               Resource
ROUTE         8     2.563       88.PADDI to     R3C12A.CLK clk_c
                  --------
                    2.563   (0.0% logic, 100.0% route), 0 logic levels.

      Destination Clock Path clk to SLICE_12:

   Name    Fanout   Delay (ns)          Site               Resource
ROUTE         8     2.563       88.PADDI to     R3C15D.CLK clk_c
                  --------
                    2.563   (0.0% logic, 100.0% route), 0 logic levels.


Passed: The following path meets requirements by 8.048ns

 Logical Details:  Cell type  Pin type       Cell/ASIC name  (clock net +/-)

   Source:         FF         Q              shreg_i9  (from clk_c +)
   Destination:    FF         Data in        shreg_i10  (to clk_c +)

   Delay:               1.649ns  (24.8% logic, 75.2% route), 1 logic levels.

 Constraint Details:

      1.649ns physical path delay SLICE_13 to SLICE_14 meets
     10.000ns delay constraint less
      0.000ns skew and
      0.303ns M_SET requirement (totaling 9.697ns) by 8.048ns

 Physical Path Details:

      Data path SLICE_13 to SLICE_14:

   Name    Fanout   Delay (ns)          Site               Resource
REG_DEL     ---     0.409     R3C16A.CLK to      R3C16A.Q0 SLICE_13 (from clk_c)
ROUTE         1     1.240      R3C16A.Q0 to      R3C16D.M1 shreg_9 (to clk_c)
                  --------
                    1.649   (24.8% logic, 75.2% route), 1 logic levels.

 Clock Skew Details: 

      Source Clock Path clk to SLICE_13:

   Name    Fanout   Delay (ns)          Site               Resource
ROUTE         8     2.563       88.PADDI to     R3C16A.CLK clk_c
                  --------
                    2.563   (0.0% logic, 100.0% route), 0 logic levels.

      Destination Clock Path clk to SLICE_14:

   Name    Fanout   Delay (ns)          Site               Resource
ROUTE         8     2.563       88.PADDI to     R3C16D.CLK clk_c
                  --------
                    2.563   (0.0% logic, 100.0% route), 0 logic levels.


Passed: The following path meets requirements by 8.416ns

 Logical Details:  Cell type  Pin type       Cell/ASIC name  (clock net +/-)

   Source:         FF         Q              shreg_i7  (from clk_c +)
   Destination:    FF         Data in        shreg_i8  (to clk_c +)

   Delay:               1.281ns  (31.9% logic, 68.1% route), 1 logic levels.

 Constraint Details:

      1.281ns physical path delay SLICE_12 to SLICE_13 meets
     10.000ns delay constraint less
      0.000ns skew and
      0.303ns M_SET requirement (totaling 9.697ns) by 8.416ns

 Physical Path Details:

      Data path SLICE_12 to SLICE_13:

   Name    Fanout   Delay (ns)          Site               Resource
REG_DEL     ---     0.409     R3C15D.CLK to      R3C15D.Q0 SLICE_12 (from clk_c)
ROUTE         1     0.872      R3C15D.Q0 to      R3C16A.M1 shreg_7 (to clk_c)
                  --------
                    1.281   (31.9% logic, 68.1% route), 1 logic levels.

 Clock Skew Details: 

      Source Clock Path clk to SLICE_12:

   Name    Fanout   Delay (ns)          Site               Resource
ROUTE         8     2.563       88.PADDI to     R3C15D.CLK clk_c
                  --------
                    2.563   (0.0% logic, 100.0% route), 0 logic levels.

      Destination Clock Path clk to SLICE_13:

   Name    Fanout   Delay (ns)          Site               Resource
ROUTE         8     2.563       88.PADDI to     R3C16A.CLK clk_c
                  --------
                    2.563   (0.0% logic, 100.0% route), 0 logic levels.


Passed: The following path meets requirements by 8.416ns

 Logical Details:  Cell type  Pin type       Cell/ASIC name  (clock net +/-)

   Source:         FF         Q              shreg_i11  (from clk_c +)
   Destination:    FF         Data in        shreg_i12  (to clk_c +)

   Delay:               1.281ns  (31.9% logic, 68.1% route), 1 logic levels.

 Constraint Details:

      1.281ns physical path delay SLICE_14 to SLICE_15 meets
     10.000ns delay constraint less
      0.000ns skew and
      0.303ns M_SET requirement (totaling 9.697ns) by 8.416ns

 Physical Path Details:

      Data path SLICE_14 to SLICE_15:

   Name    Fanout   Delay (ns)          Site               Resource
REG_DEL     ---     0.409     R3C16D.CLK to      R3C16D.Q0 SLICE_14 (from clk_c)
ROUTE         1     0.872      R3C16D.Q0 to      R3C18A.M1 shreg_11 (to clk_c)
                  --------
                    1.281   (31.9% logic, 68.1% route), 1 logic levels.

 Clock Skew Details: 

      Source Clock Path clk to SLICE_14:

   Name    Fanout   Delay (ns)          Site               Resource
ROUTE         8     2.563       88.PADDI to     R3C16D.CLK clk_c
                  --------
                    2.563   (0.0% logic, 100.0% route), 0 logic levels.

      Destination Clock Path clk to SLICE_15:

   Name    Fanout   Delay (ns)          Site               Resource
ROUTE         8     2.563       88.PADDI to     R3C18A.CLK clk_c
                  --------
                    2.563   (0.0% logic, 100.0% route), 0 logic levels.


Passed: The following path meets requirements by 8.416ns

 Logical Details:  Cell type  Pin type       Cell/ASIC name  (clock net +/-)

   Source:         FF         Q              shreg_i13  (from clk_c +)
   Destination:    FF         Data in        shreg_i14  (to clk_c +)

   Delay:               1.281ns  (31.9% logic, 68.1% route), 1 logic levels.

 Constraint Details:

      1.281ns physical path delay SLICE_15 to SLICE_16 meets
     10.000ns delay constraint less
      0.000ns skew and
      0.303ns M_SET requirement (totaling 9.697ns) by 8.416ns

 Physical Path Details:

      Data path SLICE_15 to SLICE_16:

   Name    Fanout   Delay (ns)          Site               Resource
REG_DEL     ---     0.409     R3C18A.CLK to      R3C18A.Q0 SLICE_15 (from clk_c)
ROUTE         1     0.872      R3C18A.Q0 to      R2C18D.M1 shreg_13 (to clk_c)
                  --------
                    1.281   (31.9% logic, 68.1% route), 1 logic levels.

 Clock Skew Details: 

      Source Clock Path clk to SLICE_15:

   Name    Fanout   Delay (ns)          Site               Resource
ROUTE         8     2.563       88.PADDI to     R3C18A.CLK clk_c
                  --------
                    2.563   (0.0% logic, 100.0% route), 0 logic levels.

      Destination Clock Path clk to SLICE_16:

   Name    Fanout   Delay (ns)          Site               Resource
ROUTE         8     2.563       88.PADDI to     R2C18D.CLK clk_c
                  --------
                    2.563   (0.0% logic, 100.0% route), 0 logic levels.


Passed: The following path meets requirements by 8.416ns

 Logical Details:  Cell type  Pin type       Cell/ASIC name  (clock net +/-)

   Source:         FF         Q              shreg_i1  (from clk_c +)
   Destination:    FF         Data in        shreg_i2  (to clk_c +)

   Delay:               1.281ns  (31.9% logic, 68.1% route), 1 logic levels.

 Constraint Details:

      1.281ns physical path delay SLICE_9 to SLICE_10 meets
     10.000ns delay constraint less
      0.000ns skew and
      0.303ns M_SET requirement (totaling 9.697ns) by 8.416ns

 Physical Path Details:

      Data path SLICE_9 to SLICE_10:

   Name    Fanout   Delay (ns)          Site               Resource
REG_DEL     ---     0.409     R2C12B.CLK to      R2C12B.Q0 SLICE_9 (from clk_c)
ROUTE         1     0.872      R2C12B.Q0 to      R3C12C.M1 shreg_1 (to clk_c)
                  --------
                    1.281   (31.9% logic, 68.1% route), 1 logic levels.

 Clock Skew Details: 

      Source Clock Path clk to SLICE_9:

   Name    Fanout   Delay (ns)          Site               Resource
ROUTE         8     2.563       88.PADDI to     R2C12B.CLK clk_c
                  --------
                    2.563   (0.0% logic, 100.0% route), 0 logic levels.

      Destination Clock Path clk to SLICE_10:

   Name    Fanout   Delay (ns)          Site               Resource
ROUTE         8     2.563       88.PADDI to     R3C12C.CLK clk_c
                  --------
                    2.563   (0.0% logic, 100.0% route), 0 logic levels.


Passed: The following path meets requirements by 8.785ns

 Logical Details:  Cell type  Pin type       Cell/ASIC name  (clock net +/-)

   Source:         FF         Q              shreg_i2  (from clk_c +)
   Destination:    FF         Data in        shreg_i3  (to clk_c +)

   Delay:               0.912ns  (44.8% logic, 55.2% route), 1 logic levels.

 Constraint Details:

      0.912ns physical path delay SLICE_10 to SLICE_10 meets
     10.000ns delay constraint less
      0.000ns skew and
      0.303ns M_SET requirement (totaling 9.697ns) by 8.785ns

 Physical Path Details:

      Data path SLICE_10 to SLICE_10:

   Name    Fanout   Delay (ns)          Site               Resource
REG_DEL     ---     0.409     R3C12C.CLK to      R3C12C.Q1 SLICE_10 (from clk_c)
ROUTE         1     0.503      R3C12C.Q1 to      R3C12C.M0 shreg_2 (to clk_c)
                  --------
                    0.912   (44.8% logic, 55.2% route), 1 logic levels.

 Clock Skew Details: 

      Source Clock Path clk to SLICE_10:

   Name    Fanout   Delay (ns)          Site               Resource
ROUTE         8     2.563       88.PADDI to     R3C12C.CLK clk_c
                  --------
                    2.563   (0.0% logic, 100.0% route), 0 logic levels.

      Destination Clock Path clk to SLICE_10:

   Name    Fanout   Delay (ns)          Site               Resource
ROUTE         8     2.563       88.PADDI to     R3C12C.CLK clk_c
                  --------
                    2.563   (0.0% logic, 100.0% route), 0 logic levels.


Passed: The following path meets requirements by 8.785ns

 Logical Details:  Cell type  Pin type       Cell/ASIC name  (clock net +/-)

   Source:         FF         Q              shreg_i3  (from clk_c +)
   Destination:    FF         Data in        shreg_i4  (to clk_c +)

   Delay:               0.912ns  (44.8% logic, 55.2% route), 1 logic levels.

 Constraint Details:

      0.912ns physical path delay SLICE_10 to SLICE_11 meets
     10.000ns delay constraint less
      0.000ns skew and
      0.303ns M_SET requirement (totaling 9.697ns) by 8.785ns

 Physical Path Details:

      Data path SLICE_10 to SLICE_11:

   Name    Fanout   Delay (ns)          Site               Resource
REG_DEL     ---     0.409     R3C12C.CLK to      R3C12C.Q0 SLICE_10 (from clk_c)
ROUTE         1     0.503      R3C12C.Q0 to      R3C12A.M1 shreg_3 (to clk_c)
                  --------
                    0.912   (44.8% logic, 55.2% route), 1 logic levels.

 Clock Skew Details: 

      Source Clock Path clk to SLICE_10:

   Name    Fanout   Delay (ns)          Site               Resource
ROUTE         8     2.563       88.PADDI to     R3C12C.CLK clk_c
                  --------
                    2.563   (0.0% logic, 100.0% route), 0 logic levels.

      Destination Clock Path clk to SLICE_11:

   Name    Fanout   Delay (ns)          Site               Resource
ROUTE         8     2.563       88.PADDI to     R3C12A.CLK clk_c
                  --------
                    2.563   (0.0% logic, 100.0% route), 0 logic levels.


Passed: The following path meets requirements by 8.785ns

 Logical Details:  Cell type  Pin type       Cell/ASIC name  (clock net +/-)

   Source:         FF         Q              shreg_i4  (from clk_c +)
   Destination:    FF         Data in        shreg_i5  (to clk_c +)

   Delay:               0.912ns  (44.8% logic, 55.2% route), 1 logic levels.

 Constraint Details:

      0.912ns physical path delay SLICE_11 to SLICE_11 meets
     10.000ns delay constraint less
      0.000ns skew and
      0.303ns M_SET requirement (totaling 9.697ns) by 8.785ns

 Physical Path Details:

      Data path SLICE_11 to SLICE_11:

   Name    Fanout   Delay (ns)          Site               Resource
REG_DEL     ---     0.409     R3C12A.CLK to      R3C12A.Q1 SLICE_11 (from clk_c)
ROUTE         1     0.503      R3C12A.Q1 to      R3C12A.M0 shreg_4 (to clk_c)
                  --------
                    0.912   (44.8% logic, 55.2% route), 1 logic levels.

 Clock Skew Details: 

      Source Clock Path clk to SLICE_11:

   Name    Fanout   Delay (ns)          Site               Resource
ROUTE         8     2.563       88.PADDI to     R3C12A.CLK clk_c
                  --------
                    2.563   (0.0% logic, 100.0% route), 0 logic levels.

      Destination Clock Path clk to SLICE_11:

   Name    Fanout   Delay (ns)          Site               Resource
ROUTE         8     2.563       88.PADDI to     R3C12A.CLK clk_c
                  --------
                    2.563   (0.0% logic, 100.0% route), 0 logic levels.


Passed: The following path meets requirements by 8.785ns

 Logical Details:  Cell type  Pin type       Cell/ASIC name  (clock net +/-)

   Source:         FF         Q              shreg_i6  (from clk_c +)
   Destination:    FF         Data in        shreg_i7  (to clk_c +)

   Delay:               0.912ns  (44.8% logic, 55.2% route), 1 logic levels.

 Constraint Details:

      0.912ns physical path delay SLICE_12 to SLICE_12 meets
     10.000ns delay constraint less
      0.000ns skew and
      0.303ns M_SET requirement (totaling 9.697ns) by 8.785ns

 Physical Path Details:

      Data path SLICE_12 to SLICE_12:

   Name    Fanout   Delay (ns)          Site               Resource
REG_DEL     ---     0.409     R3C15D.CLK to      R3C15D.Q1 SLICE_12 (from clk_c)
ROUTE         1     0.503      R3C15D.Q1 to      R3C15D.M0 shreg_6 (to clk_c)
                  --------
                    0.912   (44.8% logic, 55.2% route), 1 logic levels.

 Clock Skew Details: 

      Source Clock Path clk to SLICE_12:

   Name    Fanout   Delay (ns)          Site               Resource
ROUTE         8     2.563       88.PADDI to     R3C15D.CLK clk_c
                  --------
                    2.563   (0.0% logic, 100.0% route), 0 logic levels.

      Destination Clock Path clk to SLICE_12:

   Name    Fanout   Delay (ns)          Site               Resource
ROUTE         8     2.563       88.PADDI to     R3C15D.CLK clk_c
                  --------
                    2.563   (0.0% logic, 100.0% route), 0 logic levels.

Report:  150.150MHz is the maximum frequency for this preference.

Report Summary
--------------
----------------------------------------------------------------------------
Preference                              |   Constraint|       Actual|Levels
----------------------------------------------------------------------------
                                        |             |             |
FREQUENCY PORT "clk" 100.000000 MHz ;   |  100.000 MHz|  150.150 MHz|   0  
                                        |             |             |
----------------------------------------------------------------------------


All preferences were met.


Clock Domains Analysis
------------------------

Found 1 clocks:

Clock Domain: clk_c   Source: clk.PAD   Loads: 8
   Covered under: FREQUENCY PORT "clk" 100.000000 MHz ;


Timing summary (Setup):
---------------

Timing errors: 0  Score: 0
Cumulative negative slack: 0

Constraints cover 15 paths, 1 nets, and 23 connections (92.00% coverage)

--------------------------------------------------------------------------------
Lattice TRACE Report - Hold, Version Diamond (64-bit) 3.14.0.75.2
Mon Jun 29 23:57:17 2026

Copyright (c) 1991-1994 by NeoCAD Inc. All rights reserved.
Copyright (c) 1995 AT&T Corp.   All rights reserved.
Copyright (c) 1995-2001 Lucent Technologies Inc.  All rights reserved.
Copyright (c) 2001 Agere Systems   All rights reserved.
Copyright (c) 2002-2024 Lattice Semiconductor Corporation,  All rights reserved.

Report Information
------------------
Command line:    trce -v 10 -gt -sethld -sp 5 -sphld m -o fuzz_impl1.twr fuzz_impl1.ncd fuzz_impl1.prf 
Design file:     fuzz_impl1.ncd
Preference file: fuzz_impl1.prf
Device,speed:    LCMXO2-1200HC,m
Report level:    verbose report, limited to 10 items per preference
--------------------------------------------------------------------------------

BLOCK ASYNCPATHS
BLOCK RESETPATHS
--------------------------------------------------------------------------------



================================================================================
Preference: FREQUENCY PORT "clk" 100.000000 MHz ;
            15 items scored, 0 timing errors detected.
--------------------------------------------------------------------------------


Passed: The following path meets requirements by 0.304ns

 Logical Details:  Cell type  Pin type       Cell/ASIC name  (clock net +/-)

   Source:         FF         Q              shreg_i2  (from clk_c +)
   Destination:    FF         Data in        shreg_i3  (to clk_c +)

   Delay:               0.285ns  (46.7% logic, 53.3% route), 1 logic levels.

 Constraint Details:

      0.285ns physical path delay SLICE_10 to SLICE_10 meets
     -0.019ns M_HLD and
      0.000ns delay constraint less
      0.000ns skew requirement (totaling -0.019ns) by 0.304ns

 Physical Path Details:

      Data path SLICE_10 to SLICE_10:

   Name    Fanout   Delay (ns)          Site               Resource
REG_DEL     ---     0.133     R3C12C.CLK to      R3C12C.Q1 SLICE_10 (from clk_c)
ROUTE         1     0.152      R3C12C.Q1 to      R3C12C.M0 shreg_2 (to clk_c)
                  --------
                    0.285   (46.7% logic, 53.3% route), 1 logic levels.

 Clock Skew Details: 

      Source Clock Path clk to SLICE_10:

   Name    Fanout   Delay (ns)          Site               Resource
ROUTE         8     0.926       88.PADDI to     R3C12C.CLK clk_c
                  --------
                    0.926   (0.0% logic, 100.0% route), 0 logic levels.

      Destination Clock Path clk to SLICE_10:

   Name    Fanout   Delay (ns)          Site               Resource
ROUTE         8     0.926       88.PADDI to     R3C12C.CLK clk_c
                  --------
                    0.926   (0.0% logic, 100.0% route), 0 logic levels.


Passed: The following path meets requirements by 0.304ns

 Logical Details:  Cell type  Pin type       Cell/ASIC name  (clock net +/-)

   Source:         FF         Q              shreg_i3  (from clk_c +)
   Destination:    FF         Data in        shreg_i4  (to clk_c +)

   Delay:               0.285ns  (46.7% logic, 53.3% route), 1 logic levels.

 Constraint Details:

      0.285ns physical path delay SLICE_10 to SLICE_11 meets
     -0.019ns M_HLD and
      0.000ns delay constraint less
      0.000ns skew requirement (totaling -0.019ns) by 0.304ns

 Physical Path Details:

      Data path SLICE_10 to SLICE_11:

   Name    Fanout   Delay (ns)          Site               Resource
REG_DEL     ---     0.133     R3C12C.CLK to      R3C12C.Q0 SLICE_10 (from clk_c)
ROUTE         1     0.152      R3C12C.Q0 to      R3C12A.M1 shreg_3 (to clk_c)
                  --------
                    0.285   (46.7% logic, 53.3% route), 1 logic levels.

 Clock Skew Details: 

      Source Clock Path clk to SLICE_10:

   Name    Fanout   Delay (ns)          Site               Resource
ROUTE         8     0.926       88.PADDI to     R3C12C.CLK clk_c
                  --------
                    0.926   (0.0% logic, 100.0% route), 0 logic levels.

      Destination Clock Path clk to SLICE_11:

   Name    Fanout   Delay (ns)          Site               Resource
ROUTE         8     0.926       88.PADDI to     R3C12A.CLK clk_c
                  --------
                    0.926   (0.0% logic, 100.0% route), 0 logic levels.


Passed: The following path meets requirements by 0.304ns

 Logical Details:  Cell type  Pin type       Cell/ASIC name  (clock net +/-)

   Source:         FF         Q              shreg_i4  (from clk_c +)
   Destination:    FF         Data in        shreg_i5  (to clk_c +)

   Delay:               0.285ns  (46.7% logic, 53.3% route), 1 logic levels.

 Constraint Details:

      0.285ns physical path delay SLICE_11 to SLICE_11 meets
     -0.019ns M_HLD and
      0.000ns delay constraint less
      0.000ns skew requirement (totaling -0.019ns) by 0.304ns

 Physical Path Details:

      Data path SLICE_11 to SLICE_11:

   Name    Fanout   Delay (ns)          Site               Resource
REG_DEL     ---     0.133     R3C12A.CLK to      R3C12A.Q1 SLICE_11 (from clk_c)
ROUTE         1     0.152      R3C12A.Q1 to      R3C12A.M0 shreg_4 (to clk_c)
                  --------
                    0.285   (46.7% logic, 53.3% route), 1 logic levels.

 Clock Skew Details: 

      Source Clock Path clk to SLICE_11:

   Name    Fanout   Delay (ns)          Site               Resource
ROUTE         8     0.926       88.PADDI to     R3C12A.CLK clk_c
                  --------
                    0.926   (0.0% logic, 100.0% route), 0 logic levels.

      Destination Clock Path clk to SLICE_11:

   Name    Fanout   Delay (ns)          Site               Resource
ROUTE         8     0.926       88.PADDI to     R3C12A.CLK clk_c
                  --------
                    0.926   (0.0% logic, 100.0% route), 0 logic levels.


Passed: The following path meets requirements by 0.304ns

 Logical Details:  Cell type  Pin type       Cell/ASIC name  (clock net +/-)

   Source:         FF         Q              shreg_i6  (from clk_c +)
   Destination:    FF         Data in        shreg_i7  (to clk_c +)

   Delay:               0.285ns  (46.7% logic, 53.3% route), 1 logic levels.

 Constraint Details:

      0.285ns physical path delay SLICE_12 to SLICE_12 meets
     -0.019ns M_HLD and
      0.000ns delay constraint less
      0.000ns skew requirement (totaling -0.019ns) by 0.304ns

 Physical Path Details:

      Data path SLICE_12 to SLICE_12:

   Name    Fanout   Delay (ns)          Site               Resource
REG_DEL     ---     0.133     R3C15D.CLK to      R3C15D.Q1 SLICE_12 (from clk_c)
ROUTE         1     0.152      R3C15D.Q1 to      R3C15D.M0 shreg_6 (to clk_c)
                  --------
                    0.285   (46.7% logic, 53.3% route), 1 logic levels.

 Clock Skew Details: 

      Source Clock Path clk to SLICE_12:

   Name    Fanout   Delay (ns)          Site               Resource
ROUTE         8     0.926       88.PADDI to     R3C15D.CLK clk_c
                  --------
                    0.926   (0.0% logic, 100.0% route), 0 logic levels.

      Destination Clock Path clk to SLICE_12:

   Name    Fanout   Delay (ns)          Site               Resource
ROUTE         8     0.926       88.PADDI to     R3C15D.CLK clk_c
                  --------
                    0.926   (0.0% logic, 100.0% route), 0 logic levels.


Passed: The following path meets requirements by 0.304ns

 Logical Details:  Cell type  Pin type       Cell/ASIC name  (clock net +/-)

   Source:         FF         Q              shreg_i8  (from clk_c +)
   Destination:    FF         Data in        shreg_i9  (to clk_c +)

   Delay:               0.285ns  (46.7% logic, 53.3% route), 1 logic levels.

 Constraint Details:

      0.285ns physical path delay SLICE_13 to SLICE_13 meets
     -0.019ns M_HLD and
      0.000ns delay constraint less
      0.000ns skew requirement (totaling -0.019ns) by 0.304ns

 Physical Path Details:

      Data path SLICE_13 to SLICE_13:

   Name    Fanout   Delay (ns)          Site               Resource
REG_DEL     ---     0.133     R3C16A.CLK to      R3C16A.Q1 SLICE_13 (from clk_c)
ROUTE         1     0.152      R3C16A.Q1 to      R3C16A.M0 shreg_8 (to clk_c)
                  --------
                    0.285   (46.7% logic, 53.3% route), 1 logic levels.

 Clock Skew Details: 

      Source Clock Path clk to SLICE_13:

   Name    Fanout   Delay (ns)          Site               Resource
ROUTE         8     0.926       88.PADDI to     R3C16A.CLK clk_c
                  --------
                    0.926   (0.0% logic, 100.0% route), 0 logic levels.

      Destination Clock Path clk to SLICE_13:

   Name    Fanout   Delay (ns)          Site               Resource
ROUTE         8     0.926       88.PADDI to     R3C16A.CLK clk_c
                  --------
                    0.926   (0.0% logic, 100.0% route), 0 logic levels.


Passed: The following path meets requirements by 0.304ns

 Logical Details:  Cell type  Pin type       Cell/ASIC name  (clock net +/-)

   Source:         FF         Q              shreg_i10  (from clk_c +)
   Destination:    FF         Data in        shreg_i11  (to clk_c +)

   Delay:               0.285ns  (46.7% logic, 53.3% route), 1 logic levels.

 Constraint Details:

      0.285ns physical path delay SLICE_14 to SLICE_14 meets
     -0.019ns M_HLD and
      0.000ns delay constraint less
      0.000ns skew requirement (totaling -0.019ns) by 0.304ns

 Physical Path Details:

      Data path SLICE_14 to SLICE_14:

   Name    Fanout   Delay (ns)          Site               Resource
REG_DEL     ---     0.133     R3C16D.CLK to      R3C16D.Q1 SLICE_14 (from clk_c)
ROUTE         1     0.152      R3C16D.Q1 to      R3C16D.M0 shreg_10 (to clk_c)
                  --------
                    0.285   (46.7% logic, 53.3% route), 1 logic levels.

 Clock Skew Details: 

      Source Clock Path clk to SLICE_14:

   Name    Fanout   Delay (ns)          Site               Resource
ROUTE         8     0.926       88.PADDI to     R3C16D.CLK clk_c
                  --------
                    0.926   (0.0% logic, 100.0% route), 0 logic levels.

      Destination Clock Path clk to SLICE_14:

   Name    Fanout   Delay (ns)          Site               Resource
ROUTE         8     0.926       88.PADDI to     R3C16D.CLK clk_c
                  --------
                    0.926   (0.0% logic, 100.0% route), 0 logic levels.


Passed: The following path meets requirements by 0.304ns

 Logical Details:  Cell type  Pin type       Cell/ASIC name  (clock net +/-)

   Source:         FF         Q              shreg_i12  (from clk_c +)
   Destination:    FF         Data in        shreg_i13  (to clk_c +)

   Delay:               0.285ns  (46.7% logic, 53.3% route), 1 logic levels.

 Constraint Details:

      0.285ns physical path delay SLICE_15 to SLICE_15 meets
     -0.019ns M_HLD and
      0.000ns delay constraint less
      0.000ns skew requirement (totaling -0.019ns) by 0.304ns

 Physical Path Details:

      Data path SLICE_15 to SLICE_15:

   Name    Fanout   Delay (ns)          Site               Resource
REG_DEL     ---     0.133     R3C18A.CLK to      R3C18A.Q1 SLICE_15 (from clk_c)
ROUTE         1     0.152      R3C18A.Q1 to      R3C18A.M0 shreg_12 (to clk_c)
                  --------
                    0.285   (46.7% logic, 53.3% route), 1 logic levels.

 Clock Skew Details: 

      Source Clock Path clk to SLICE_15:

   Name    Fanout   Delay (ns)          Site               Resource
ROUTE         8     0.926       88.PADDI to     R3C18A.CLK clk_c
                  --------
                    0.926   (0.0% logic, 100.0% route), 0 logic levels.

      Destination Clock Path clk to SLICE_15:

   Name    Fanout   Delay (ns)          Site               Resource
ROUTE         8     0.926       88.PADDI to     R3C18A.CLK clk_c
                  --------
                    0.926   (0.0% logic, 100.0% route), 0 logic levels.


Passed: The following path meets requirements by 0.304ns

 Logical Details:  Cell type  Pin type       Cell/ASIC name  (clock net +/-)

   Source:         FF         Q              shreg_i14  (from clk_c +)
   Destination:    FF         Data in        shreg_i15  (to clk_c +)

   Delay:               0.285ns  (46.7% logic, 53.3% route), 1 logic levels.

 Constraint Details:

      0.285ns physical path delay SLICE_16 to SLICE_16 meets
     -0.019ns M_HLD and
      0.000ns delay constraint less
      0.000ns skew requirement (totaling -0.019ns) by 0.304ns

 Physical Path Details:

      Data path SLICE_16 to SLICE_16:

   Name    Fanout   Delay (ns)          Site               Resource
REG_DEL     ---     0.133     R2C18D.CLK to      R2C18D.Q1 SLICE_16 (from clk_c)
ROUTE         1     0.152      R2C18D.Q1 to      R2C18D.M0 shreg_14 (to clk_c)
                  --------
                    0.285   (46.7% logic, 53.3% route), 1 logic levels.

 Clock Skew Details: 

      Source Clock Path clk to SLICE_16:

   Name    Fanout   Delay (ns)          Site               Resource
ROUTE         8     0.926       88.PADDI to     R2C18D.CLK clk_c
                  --------
                    0.926   (0.0% logic, 100.0% route), 0 logic levels.

      Destination Clock Path clk to SLICE_16:

   Name    Fanout   Delay (ns)          Site               Resource
ROUTE         8     0.926       88.PADDI to     R2C18D.CLK clk_c
                  --------
                    0.926   (0.0% logic, 100.0% route), 0 logic levels.


Passed: The following path meets requirements by 0.304ns

 Logical Details:  Cell type  Pin type       Cell/ASIC name  (clock net +/-)

   Source:         FF         Q              shreg_i0  (from clk_c +)
   Destination:    FF         Data in        shreg_i1  (to clk_c +)

   Delay:               0.285ns  (46.7% logic, 53.3% route), 1 logic levels.

 Constraint Details:

      0.285ns physical path delay SLICE_9 to SLICE_9 meets
     -0.019ns M_HLD and
      0.000ns delay constraint less
      0.000ns skew requirement (totaling -0.019ns) by 0.304ns

 Physical Path Details:

      Data path SLICE_9 to SLICE_9:

   Name    Fanout   Delay (ns)          Site               Resource
REG_DEL     ---     0.133     R2C12B.CLK to      R2C12B.Q1 SLICE_9 (from clk_c)
ROUTE         1     0.152      R2C12B.Q1 to      R2C12B.M0 shreg_0 (to clk_c)
                  --------
                    0.285   (46.7% logic, 53.3% route), 1 logic levels.

 Clock Skew Details: 

      Source Clock Path clk to SLICE_9:

   Name    Fanout   Delay (ns)          Site               Resource
ROUTE         8     0.926       88.PADDI to     R2C12B.CLK clk_c
                  --------
                    0.926   (0.0% logic, 100.0% route), 0 logic levels.

      Destination Clock Path clk to SLICE_9:

   Name    Fanout   Delay (ns)          Site               Resource
ROUTE         8     0.926       88.PADDI to     R2C12B.CLK clk_c
                  --------
                    0.926   (0.0% logic, 100.0% route), 0 logic levels.


Passed: The following path meets requirements by 0.418ns

 Logical Details:  Cell type  Pin type       Cell/ASIC name  (clock net +/-)

   Source:         FF         Q              shreg_i7  (from clk_c +)
   Destination:    FF         Data in        shreg_i8  (to clk_c +)

   Delay:               0.399ns  (33.3% logic, 66.7% route), 1 logic levels.

 Constraint Details:

      0.399ns physical path delay SLICE_12 to SLICE_13 meets
     -0.019ns M_HLD and
      0.000ns delay constraint less
      0.000ns skew requirement (totaling -0.019ns) by 0.418ns

 Physical Path Details:

      Data path SLICE_12 to SLICE_13:

   Name    Fanout   Delay (ns)          Site               Resource
REG_DEL     ---     0.133     R3C15D.CLK to      R3C15D.Q0 SLICE_12 (from clk_c)
ROUTE         1     0.266      R3C15D.Q0 to      R3C16A.M1 shreg_7 (to clk_c)
                  --------
                    0.399   (33.3% logic, 66.7% route), 1 logic levels.

 Clock Skew Details: 

      Source Clock Path clk to SLICE_12:

   Name    Fanout   Delay (ns)          Site               Resource
ROUTE         8     0.926       88.PADDI to     R3C15D.CLK clk_c
                  --------
                    0.926   (0.0% logic, 100.0% route), 0 logic levels.

      Destination Clock Path clk to SLICE_13:

   Name    Fanout   Delay (ns)          Site               Resource
ROUTE         8     0.926       88.PADDI to     R3C16A.CLK clk_c
                  --------
                    0.926   (0.0% logic, 100.0% route), 0 logic levels.

Report Summary
--------------
----------------------------------------------------------------------------
Preference(MIN Delays)                  |   Constraint|       Actual|Levels
----------------------------------------------------------------------------
                                        |             |             |
FREQUENCY PORT "clk" 100.000000 MHz ;   |            -|            -|   1  
                                        |             |             |
----------------------------------------------------------------------------


All preferences were met.


Clock Domains Analysis
------------------------

Found 1 clocks:

Clock Domain: clk_c   Source: clk.PAD   Loads: 8
   Covered under: FREQUENCY PORT "clk" 100.000000 MHz ;


Timing summary (Hold):
---------------

Timing errors: 0  Score: 0
Cumulative negative slack: 0

Constraints cover 15 paths, 1 nets, and 23 connections (92.00% coverage)



Timing summary (Setup and Hold):
---------------

Timing errors: 0 (setup), 0 (hold)
Score: 0 (setup), 0 (hold)
Cumulative negative slack: 0 (0+0)
--------------------------------------------------------------------------------

--------------------------------------------------------------------------------

