
Loading design for application trce from file fuzz_impl1.ncd.
Design name: fuzz
NCD version: 3.3
Vendor:      LATTICE
Device:      LCMXO2-1200HC
Package:     TQFP100
Performance: 5
Loading device for application trce from file 'xo2c1200.nph' in environment: /home/dan/lscc/diamond/3.14/ispfpga.
Package Status:                     Final          Version 1.44.
Performance Hardware Data Status:   Final          Version 36.4.
Setup and Hold Report

--------------------------------------------------------------------------------
Lattice TRACE Report - Setup, Version Diamond (64-bit) 3.14.0.75.2
Mon Jun 29 23:53:56 2026

Copyright (c) 1991-1994 by NeoCAD Inc. All rights reserved.
Copyright (c) 1995 AT&T Corp.   All rights reserved.
Copyright (c) 1995-2001 Lucent Technologies Inc.  All rights reserved.
Copyright (c) 2001 Agere Systems   All rights reserved.
Copyright (c) 2002-2024 Lattice Semiconductor Corporation,  All rights reserved.

Report Information
------------------
Command line:    trce -v 10 -gt -sethld -sp 5 -sphld m -o fuzz_impl1.twr fuzz_impl1.ncd fuzz_impl1.prf 
Design file:     fuzz_impl1.ncd
Preference file: fuzz_impl1.prf
Device,speed:    LCMXO2-1200HC,5
Report level:    verbose report, limited to 10 items per preference
--------------------------------------------------------------------------------

Based on the preference: FREQUENCY PORT "clk" 100.000000 MHz ;
A new generated preference: FREQUENCY NET "sclk_w" 25.000000 MHz ;
BLOCK ASYNCPATHS
BLOCK RESETPATHS
--------------------------------------------------------------------------------



================================================================================
Preference: FREQUENCY PORT "clk" 100.000000 MHz ;
            0 items scored, 0 timing errors detected.
--------------------------------------------------------------------------------


Passed:  The following path meets requirements by 3.340ns
         The internal maximum frequency of the following component is 150.150 MHz

 Logical Details:  Cell type  Pin name       Component name

   Destination:    PIO        PAD            clk

   Delay:               6.660ns -- based on Minimum Pulse Width

Report:  150.150MHz is the maximum frequency for this preference.


================================================================================
Internal Preference: Timing Rule Check
            1 item scored, 0 timing errors detected.
--------------------------------------------------------------------------------
This section of the Trace report will identify any inherent timing rule violations
in the design. These rules may be affected by other preferences.


Passed: out0_MGIOL meets CLK to ECLK skew range from -14.910ns to 15.025ns

   Max skew of 1.893ns meets timing requirement of 15.025ns by 13.132ns

   Max CLK:

   Name    Fanout   Delay (ns)          Site               Resource
PADI_DEL    ---     1.007         88.PAD to       88.PADDI clk
ROUTE         1     1.131       88.PADDI to *LKSYNC1.ECLKI clk_c
C2OUT_DEL   ---     0.000 *LKSYNC1.ECLKI to *LKSYNC1.ECLKO u_eclk
ROUTE         2     0.000 *LKSYNC1.ECLKO to  TCLKDIV1.CLKI eclk_w
CLKOUT_DEL  ---     0.357  TCLKDIV1.CLKI to TCLKDIV1.CDIVX u_div
ROUTE         1     1.723 TCLKDIV1.CDIVX to   IOL_T10A.CLK sclk_w (to eclk_w)
                  --------
                    4.218   (32.3% logic, 67.7% route), 3 logic levels.

   Min ECLK:

   Name    Fanout   Delay (ns)          Site               Resource
PADI_DEL    ---     1.007         88.PAD to       88.PADDI clk
ROUTE         1     1.131       88.PADDI to *LKSYNC1.ECLKI clk_c
C2OUT_DEL   ---     0.000 *LKSYNC1.ECLKI to *LKSYNC1.ECLKO u_eclk
ROUTE         2     0.187 *LKSYNC1.ECLKO to  IOL_T10A.ECLK eclk_w
                  --------
                    2.325   (43.3% logic, 56.7% route), 2 logic levels.

   Min skew of 1.659ns meets timing requirement of -14.910ns by 16.569ns

   Min CLK:

   Name    Fanout   Delay (ns)          Site               Resource
PADI_DEL    ---     1.132         88.PAD to       88.PADDI clk
ROUTE         1     1.168       88.PADDI to *LKSYNC1.ECLKI clk_c
C2OUT_DEL   ---     0.000 *LKSYNC1.ECLKI to *LKSYNC1.ECLKO u_eclk
ROUTE         2     0.000 *LKSYNC1.ECLKO to  TCLKDIV1.CLKI eclk_w
CLKOUT_DEL  ---     0.343  TCLKDIV1.CLKI to TCLKDIV1.CDIVX u_div
ROUTE         1     1.518 TCLKDIV1.CDIVX to   IOL_T10A.CLK sclk_w (to eclk_w)
                  --------
                    4.161   (35.4% logic, 64.6% route), 3 logic levels.

   Max ECLK:

   Name    Fanout   Delay (ns)          Site               Resource
PADI_DEL    ---     1.132         88.PAD to       88.PADDI clk
ROUTE         1     1.168       88.PADDI to *LKSYNC1.ECLKI clk_c
C2OUT_DEL   ---     0.000 *LKSYNC1.ECLKI to *LKSYNC1.ECLKO u_eclk
ROUTE         2     0.202 *LKSYNC1.ECLKO to  IOL_T10A.ECLK eclk_w
                  --------
                    2.502   (45.2% logic, 54.8% route), 2 logic levels.


================================================================================
Internal Preference: FREQUENCY NET "sclk_w" 25.000000 MHz ;
            0 items scored, 0 timing errors detected.
--------------------------------------------------------------------------------

Report Summary
--------------
----------------------------------------------------------------------------
Preference                              |   Constraint|       Actual|Levels
----------------------------------------------------------------------------
                                        |             |             |
FREQUENCY PORT "clk" 100.000000 MHz ;   |  100.000 MHz|  150.150 MHz|   0  
                                        |             |             |
Timing Rule Check                       |            -|            -|   0  
                                        |             |             |
FREQUENCY NET "sclk_w" 25.000000 MHz ;  |            -|            -|   0  
                                        |             |             |
----------------------------------------------------------------------------


All preferences were met.


Clock Domains Analysis
------------------------

Found 3 clocks:

Clock Domain: sclk_w   Source: u_div.CDIVX   Loads: 1
   No transfer within this clock domain is found

Clock Domain: eclk_w   Source: u_eclk.ECLKO   Loads: 2
   No transfer within this clock domain is found

   Data transfers from:
   Clock Domain: sclk_w   Source: u_div.CDIVX
      Covered under: Timing Rule Check   Transfers: 1

Clock Domain: clk_c   Source: clk.PAD   Loads: 1
   No transfer within this clock domain is found


Timing summary (Setup):
---------------

Timing errors: 0  Score: 0
Cumulative negative slack: 0

Constraints cover 1 paths, 3 nets, and 5 connections (38.46% coverage)

--------------------------------------------------------------------------------
Lattice TRACE Report - Hold, Version Diamond (64-bit) 3.14.0.75.2
Mon Jun 29 23:53:56 2026

Copyright (c) 1991-1994 by NeoCAD Inc. All rights reserved.
Copyright (c) 1995 AT&T Corp.   All rights reserved.
Copyright (c) 1995-2001 Lucent Technologies Inc.  All rights reserved.
Copyright (c) 2001 Agere Systems   All rights reserved.
Copyright (c) 2002-2024 Lattice Semiconductor Corporation,  All rights reserved.

Report Information
------------------
Command line:    trce -v 10 -gt -sethld -sp 5 -sphld m -o fuzz_impl1.twr fuzz_impl1.ncd fuzz_impl1.prf 
Design file:     fuzz_impl1.ncd
Preference file: fuzz_impl1.prf
Device,speed:    LCMXO2-1200HC,m
Report level:    verbose report, limited to 10 items per preference
--------------------------------------------------------------------------------

BLOCK ASYNCPATHS
BLOCK RESETPATHS
--------------------------------------------------------------------------------



================================================================================
Preference: FREQUENCY PORT "clk" 100.000000 MHz ;
            0 items scored, 0 timing errors detected.
--------------------------------------------------------------------------------


================================================================================
Preference: FREQUENCY NET "sclk_w" 25.000000 MHz ;
            0 items scored, 0 timing errors detected.
--------------------------------------------------------------------------------


================================================================================
Internal Preference: Timing Rule Check
            1 item scored, 0 timing errors detected.
--------------------------------------------------------------------------------


Passed: out0_MGIOL meets CLK to ECLK skew range from -14.959ns to 14.987ns

   Max skew of 0.750ns meets timing requirement of 14.987ns by 14.237ns

   Max CLK:

   Name    Fanout   Delay (ns)          Site               Resource
PADI_DEL    ---     0.428         88.PAD to       88.PADDI clk
ROUTE         1     0.401       88.PADDI to *LKSYNC1.ECLKI clk_c
C2OUT_DEL   ---     0.000 *LKSYNC1.ECLKI to *LKSYNC1.ECLKO u_eclk
ROUTE         2     0.000 *LKSYNC1.ECLKO to  TCLKDIV1.CLKI eclk_w
CLKOUT_DEL  ---     0.130  TCLKDIV1.CLKI to TCLKDIV1.CDIVX u_div
ROUTE         1     0.698 TCLKDIV1.CDIVX to   IOL_T10A.CLK sclk_w (to eclk_w)
                  --------
                    1.657   (33.7% logic, 66.3% route), 3 logic levels.

   Min ECLK:

   Name    Fanout   Delay (ns)          Site               Resource
PADI_DEL    ---     0.428         88.PAD to       88.PADDI clk
ROUTE         1     0.401       88.PADDI to *LKSYNC1.ECLKI clk_c
C2OUT_DEL   ---     0.000 *LKSYNC1.ECLKI to *LKSYNC1.ECLKO u_eclk
ROUTE         2     0.078 *LKSYNC1.ECLKO to  IOL_T10A.ECLK eclk_w
                  --------
                    0.907   (47.2% logic, 52.8% route), 2 logic levels.

   Min skew of 0.614ns meets timing requirement of -14.959ns by 15.573ns

   Min CLK:

   Name    Fanout   Delay (ns)          Site               Resource
PADI_DEL    ---     0.449         88.PAD to       88.PADDI clk
ROUTE         1     0.412       88.PADDI to *LKSYNC1.ECLKI clk_c
C2OUT_DEL   ---     0.000 *LKSYNC1.ECLKI to *LKSYNC1.ECLKO u_eclk
ROUTE         2     0.000 *LKSYNC1.ECLKO to  TCLKDIV1.CLKI eclk_w
CLKOUT_DEL  ---     0.122  TCLKDIV1.CLKI to TCLKDIV1.CDIVX u_div
ROUTE         1     0.572 TCLKDIV1.CDIVX to   IOL_T10A.CLK sclk_w (to eclk_w)
                  --------
                    1.555   (36.7% logic, 63.3% route), 3 logic levels.

   Max ECLK:

   Name    Fanout   Delay (ns)          Site               Resource
PADI_DEL    ---     0.449         88.PAD to       88.PADDI clk
ROUTE         1     0.412       88.PADDI to *LKSYNC1.ECLKI clk_c
C2OUT_DEL   ---     0.000 *LKSYNC1.ECLKI to *LKSYNC1.ECLKO u_eclk
ROUTE         2     0.080 *LKSYNC1.ECLKO to  IOL_T10A.ECLK eclk_w
                  --------
                    0.941   (47.7% logic, 52.3% route), 2 logic levels.

Report Summary
--------------
----------------------------------------------------------------------------
Preference(MIN Delays)                  |   Constraint|       Actual|Levels
----------------------------------------------------------------------------
                                        |             |             |
FREQUENCY PORT "clk" 100.000000 MHz ;   |            -|            -|   0  
                                        |             |             |
FREQUENCY NET "sclk_w" 25.000000 MHz ;  |            -|            -|   0  
                                        |             |             |
Timing Rule Check                       |            -|            -|   0  
                                        |             |             |
----------------------------------------------------------------------------


All preferences were met.


Clock Domains Analysis
------------------------

Found 3 clocks:

Clock Domain: sclk_w   Source: u_div.CDIVX   Loads: 1
   No transfer within this clock domain is found

Clock Domain: eclk_w   Source: u_eclk.ECLKO   Loads: 2
   No transfer within this clock domain is found

   Data transfers from:
   Clock Domain: sclk_w   Source: u_div.CDIVX
      Covered under: Timing Rule Check   Transfers: 1

Clock Domain: clk_c   Source: clk.PAD   Loads: 1
   No transfer within this clock domain is found


Timing summary (Hold):
---------------

Timing errors: 0  Score: 0
Cumulative negative slack: 0

Constraints cover 1 paths, 3 nets, and 5 connections (38.46% coverage)



Timing summary (Setup and Hold):
---------------

Timing errors: 0 (setup), 0 (hold)
Score: 0 (setup), 0 (hold)
Cumulative negative slack: 0 (0+0)
--------------------------------------------------------------------------------

--------------------------------------------------------------------------------

