
Loading design for application trce from file fuzz_impl1.ncd.
Design name: fuzz
NCD version: 3.3
Vendor:      LATTICE
Device:      LCMXO2-1200HC
Package:     TQFP100
Performance: 5
Loading device for application trce from file 'xo2c1200.nph' in environment: /home/dan/lscc/diamond/3.14/ispfpga.
Package Status:                     Final          Version 1.44.
Performance Hardware Data Status:   Final          Version 36.4.
Setup and Hold Report

--------------------------------------------------------------------------------
Lattice TRACE Report - Setup, Version Diamond (64-bit) 3.14.0.75.2
Wed Jul 15 23:37:56 2026

Copyright (c) 1991-1994 by NeoCAD Inc. All rights reserved.
Copyright (c) 1995 AT&T Corp.   All rights reserved.
Copyright (c) 1995-2001 Lucent Technologies Inc.  All rights reserved.
Copyright (c) 2001 Agere Systems   All rights reserved.
Copyright (c) 2002-2024 Lattice Semiconductor Corporation,  All rights reserved.

Report Information
------------------
Command line:    trce -v 10 -gt -sethld -sp 5 -sphld m -o fuzz_impl1.twr fuzz_impl1.ncd fuzz_impl1.prf 
Design file:     fuzz_impl1.ncd
Preference file: fuzz_impl1.prf
Device,speed:    LCMXO2-1200HC,5
Report level:    verbose report, limited to 10 items per preference
--------------------------------------------------------------------------------

BLOCK ASYNCPATHS
BLOCK RESETPATHS
--------------------------------------------------------------------------------



================================================================================
Preference: Default path enumeration
            2 items scored, 0 timing errors detected.
--------------------------------------------------------------------------------

Report:    5.546ns delay SLICE_0 to out0

   Name    Fanout   Delay (ns)          Site               Resource
REG_DEL     ---     0.409      R2C4A.CLK to       R2C4A.Q0 SLICE_0 (from clk_c)
ROUTE         1     2.340       R2C4A.Q0 to       84.PADDO out0_c
DOPAD_DEL   ---     2.797       84.PADDO to         84.PAD out0
                  --------
                    5.546   (57.8% logic, 42.2% route), 2 logic levels.

Report:    3.602ns delay clk to SLICE_0

   Name    Fanout   Delay (ns)          Site               Resource
PADI_DEL    ---     1.132         88.PAD to       88.PADDI clk
ROUTE         1     2.470       88.PADDI to      R2C4A.CLK clk_c
                  --------
                    3.602   (31.4% logic, 68.6% route), 1 logic levels.

Report:    5.546ns is the maximum delay for this preference.


================================================================================
Preference: Default net enumeration
            10 items scored, 0 timing errors detected.
--------------------------------------------------------------------------------

Report:    2.470ns maximum delay on clk_c

           Delays             Connection(s)
           2.470ns         88.PADDI to R2C4A.CLK       

Report:    2.340ns maximum delay on out0_c

           Delays             Connection(s)
           2.340ns         R2C4A.Q0 to 84.PADDO        

Report:    1.106ns maximum delay on jupdate_w

           Delays             Connection(s)
           1.106ns     JTAG.JUPDATE to R2C4A.D1        

Report:    1.097ns maximum delay on jrstn_w

           Delays             Connection(s)
           1.097ns       JTAG.JRSTN to R2C4A.B0        

Report:    1.097ns maximum delay on jshift_w

           Delays             Connection(s)
           1.097ns      JTAG.JSHIFT to R2C4A.B1        

Report:    1.066ns maximum delay on jtdi_w

           Delays             Connection(s)
           1.066ns        JTAG.JTDI to R2C4A.A0        

Report:    1.066ns maximum delay on jtck_w

           Delays             Connection(s)
           1.066ns        JTAG.JTCK to R2C4A.A1        

Report:    0.871ns maximum delay on jce1_w

           Delays             Connection(s)
           0.871ns        JTAG.JCE1 to R2C4A.C1        

Report:    0.659ns maximum delay on n10

           Delays             Connection(s)
           0.659ns         R2C4A.F1 to R2C4A.C0        

Report:    0.000ns maximum delay on out0_N_1

           Delays             Connection(s)
           0.000ns         R2C4A.F0 to R2C4A.DI0       

Report:    2.470ns is the maximum delay for this preference.

Report Summary
--------------
----------------------------------------------------------------------------
Preference                              |   Constraint|       Actual|Levels
----------------------------------------------------------------------------
                                        |             |             |
Default path enumeration                |     0.000 ns|     5.546 ns|   0  
                                        |             |             |
Default net enumeration                 |     0.000 ns|     2.470 ns|   0  
                                        |             |             |
----------------------------------------------------------------------------


All preferences were met.


Clock Domains Analysis
------------------------

Found 1 clocks:

Clock Domain: clk_c   Source: clk.PAD   Loads: 1
   No transfer within this clock domain is found


Timing summary (Setup):
---------------

Timing errors: 0  Score: 0
Cumulative negative slack: 0

Constraints cover 2 paths, 10 nets, and 10 connections (100.00% coverage)

--------------------------------------------------------------------------------

