
Loading design for application trce from file fuzz_impl1.ncd.
Design name: fuzz
NCD version: 3.3
Vendor:      LATTICE
Device:      LCMXO2-1200HC
Package:     TQFP100
Performance: 5
Loading device for application trce from file 'xo2c1200.nph' in environment: /home/dan/lscc/diamond/3.14/ispfpga.
Package Status:                     Final          Version 1.44.
Performance Hardware Data Status:   Final          Version 36.4.
Setup and Hold Report

--------------------------------------------------------------------------------
Lattice TRACE Report - Setup, Version Diamond (64-bit) 3.14.0.75.2
Tue Jun 30 08:18:54 2026

Copyright (c) 1991-1994 by NeoCAD Inc. All rights reserved.
Copyright (c) 1995 AT&T Corp.   All rights reserved.
Copyright (c) 1995-2001 Lucent Technologies Inc.  All rights reserved.
Copyright (c) 2001 Agere Systems   All rights reserved.
Copyright (c) 2002-2024 Lattice Semiconductor Corporation,  All rights reserved.

Report Information
------------------
Command line:    trce -v 10 -gt -sethld -sp 5 -sphld m -o fuzz_impl1.twr fuzz_impl1.ncd fuzz_impl1.prf 
Design file:     fuzz_impl1.ncd
Preference file: fuzz_impl1.prf
Device,speed:    LCMXO2-1200HC,5
Report level:    verbose report, limited to 10 items per preference
--------------------------------------------------------------------------------

Based on the preference: FREQUENCY PORT "clk" 100.000000 MHz ;
A new generated preference: FREQUENCY NET "cdivx_w" 50.000000 MHz ;
BLOCK ASYNCPATHS
BLOCK RESETPATHS
--------------------------------------------------------------------------------



================================================================================
Preference: FREQUENCY PORT "clk" 100.000000 MHz ;
            0 items scored, 0 timing errors detected.
--------------------------------------------------------------------------------


Passed:  The following path meets requirements by 3.340ns
         The internal maximum frequency of the following component is 150.150 MHz

 Logical Details:  Cell type  Pin name       Component name

   Destination:    PIO        PAD            clk

   Delay:               6.660ns -- based on Minimum Pulse Width

Report:  150.150MHz is the maximum frequency for this preference.


================================================================================
Internal Preference: FREQUENCY NET "cdivx_w" 50.000000 MHz ;
            1 item scored, 0 timing errors detected.
--------------------------------------------------------------------------------


Passed:  The following path meets requirements by 17.750ns
         The internal maximum frequency of the following component is 444.444 MHz

 Logical Details:  Cell type  Pin name       Component name

   Destination:    SLICE      CLK            SLICE_0

   Delay:               2.250ns -- based on Minimum Pulse Width


Passed: The following path meets requirements by 18.403ns

 Logical Details:  Cell type  Pin type       Cell/ASIC name  (clock net +/-)

   Source:         FF         Q              out0_r_6  (from cdivx_w +)
   Destination:    FF         Data in        out0_r_6  (to cdivx_w +)

   Delay:               1.447ns  (59.5% logic, 40.5% route), 2 logic levels.

 Constraint Details:

      1.447ns physical path delay SLICE_0 to SLICE_0 meets
     20.000ns delay constraint less
      0.000ns skew and
      0.150ns DIN_SET requirement (totaling 19.850ns) by 18.403ns

 Physical Path Details:

      Data path SLICE_0 to SLICE_0:

   Name    Fanout   Delay (ns)          Site               Resource
REG_DEL     ---     0.409     R2C15C.CLK to      R2C15C.Q0 SLICE_0 (from cdivx_w)
ROUTE         2     0.586      R2C15C.Q0 to      R2C15C.A0 out0_c
CTOF_DEL    ---     0.452      R2C15C.A0 to      R2C15C.F0 SLICE_0
ROUTE         1     0.000      R2C15C.F0 to     R2C15C.DI0 out0_N_2 (to cdivx_w)
                  --------
                    1.447   (59.5% logic, 40.5% route), 2 logic levels.

 Clock Skew Details: 

      Source Clock Path u0 to SLICE_0:

   Name    Fanout   Delay (ns)          Site               Resource
ROUTE         1     1.570 TCLKDIV1.CDIVX to     R2C15C.CLK cdivx_w
                  --------
                    1.570   (0.0% logic, 100.0% route), 0 logic levels.

      Destination Clock Path u0 to SLICE_0:

   Name    Fanout   Delay (ns)          Site               Resource
ROUTE         1     1.570 TCLKDIV1.CDIVX to     R2C15C.CLK cdivx_w
                  --------
                    1.570   (0.0% logic, 100.0% route), 0 logic levels.

Report:  444.444MHz is the maximum frequency for this preference.

Report Summary
--------------
----------------------------------------------------------------------------
Preference                              |   Constraint|       Actual|Levels
----------------------------------------------------------------------------
                                        |             |             |
FREQUENCY PORT "clk" 100.000000 MHz ;   |  100.000 MHz|  150.150 MHz|   0  
                                        |             |             |
FREQUENCY NET "cdivx_w" 50.000000 MHz ; |   50.000 MHz|  444.444 MHz|   0  
                                        |             |             |
----------------------------------------------------------------------------


All preferences were met.


Clock Domains Analysis
------------------------

Found 2 clocks:

Clock Domain: clk_c   Source: clk.PAD   Loads: 1
   No transfer within this clock domain is found

Clock Domain: cdivx_w   Source: u0.CDIVX   Loads: 1
   Covered under: FREQUENCY NET "cdivx_w" 50.000000 MHz ;


Timing summary (Setup):
---------------

Timing errors: 0  Score: 0
Cumulative negative slack: 0

Constraints cover 1 paths, 2 nets, and 4 connections (80.00% coverage)

--------------------------------------------------------------------------------
Lattice TRACE Report - Hold, Version Diamond (64-bit) 3.14.0.75.2
Tue Jun 30 08:18:54 2026

Copyright (c) 1991-1994 by NeoCAD Inc. All rights reserved.
Copyright (c) 1995 AT&T Corp.   All rights reserved.
Copyright (c) 1995-2001 Lucent Technologies Inc.  All rights reserved.
Copyright (c) 2001 Agere Systems   All rights reserved.
Copyright (c) 2002-2024 Lattice Semiconductor Corporation,  All rights reserved.

Report Information
------------------
Command line:    trce -v 10 -gt -sethld -sp 5 -sphld m -o fuzz_impl1.twr fuzz_impl1.ncd fuzz_impl1.prf 
Design file:     fuzz_impl1.ncd
Preference file: fuzz_impl1.prf
Device,speed:    LCMXO2-1200HC,m
Report level:    verbose report, limited to 10 items per preference
--------------------------------------------------------------------------------

BLOCK ASYNCPATHS
BLOCK RESETPATHS
--------------------------------------------------------------------------------



================================================================================
Preference: FREQUENCY PORT "clk" 100.000000 MHz ;
            0 items scored, 0 timing errors detected.
--------------------------------------------------------------------------------


================================================================================
Preference: FREQUENCY NET "cdivx_w" 50.000000 MHz ;
            1 item scored, 0 timing errors detected.
--------------------------------------------------------------------------------


Passed: The following path meets requirements by 0.379ns

 Logical Details:  Cell type  Pin type       Cell/ASIC name  (clock net +/-)

   Source:         FF         Q              out0_r_6  (from cdivx_w +)
   Destination:    FF         Data in        out0_r_6  (to cdivx_w +)

   Delay:               0.366ns  (63.9% logic, 36.1% route), 2 logic levels.

 Constraint Details:

      0.366ns physical path delay SLICE_0 to SLICE_0 meets
     -0.013ns DIN_HLD and
      0.000ns delay constraint less
      0.000ns skew requirement (totaling -0.013ns) by 0.379ns

 Physical Path Details:

      Data path SLICE_0 to SLICE_0:

   Name    Fanout   Delay (ns)          Site               Resource
REG_DEL     ---     0.133     R2C15C.CLK to      R2C15C.Q0 SLICE_0 (from cdivx_w)
ROUTE         2     0.132      R2C15C.Q0 to      R2C15C.A0 out0_c
CTOF_DEL    ---     0.101      R2C15C.A0 to      R2C15C.F0 SLICE_0
ROUTE         1     0.000      R2C15C.F0 to     R2C15C.DI0 out0_N_2 (to cdivx_w)
                  --------
                    0.366   (63.9% logic, 36.1% route), 2 logic levels.

 Clock Skew Details: 

      Source Clock Path u0 to SLICE_0:

   Name    Fanout   Delay (ns)          Site               Resource
ROUTE         1     0.644 TCLKDIV1.CDIVX to     R2C15C.CLK cdivx_w
                  --------
                    0.644   (0.0% logic, 100.0% route), 0 logic levels.

      Destination Clock Path u0 to SLICE_0:

   Name    Fanout   Delay (ns)          Site               Resource
ROUTE         1     0.644 TCLKDIV1.CDIVX to     R2C15C.CLK cdivx_w
                  --------
                    0.644   (0.0% logic, 100.0% route), 0 logic levels.

Report Summary
--------------
----------------------------------------------------------------------------
Preference(MIN Delays)                  |   Constraint|       Actual|Levels
----------------------------------------------------------------------------
                                        |             |             |
FREQUENCY PORT "clk" 100.000000 MHz ;   |            -|            -|   0  
                                        |             |             |
FREQUENCY NET "cdivx_w" 50.000000 MHz ; |     0.000 ns|     0.379 ns|   2  
                                        |             |             |
----------------------------------------------------------------------------


All preferences were met.


Clock Domains Analysis
------------------------

Found 2 clocks:

Clock Domain: clk_c   Source: clk.PAD   Loads: 1
   No transfer within this clock domain is found

Clock Domain: cdivx_w   Source: u0.CDIVX   Loads: 1
   Covered under: FREQUENCY NET "cdivx_w" 50.000000 MHz ;


Timing summary (Hold):
---------------

Timing errors: 0  Score: 0
Cumulative negative slack: 0

Constraints cover 1 paths, 2 nets, and 4 connections (80.00% coverage)



Timing summary (Setup and Hold):
---------------

Timing errors: 0 (setup), 0 (hold)
Score: 0 (setup), 0 (hold)
Cumulative negative slack: 0 (0+0)
--------------------------------------------------------------------------------

--------------------------------------------------------------------------------

